Archive member included to satisfy reference by file (symbol)

c:/program files (x86)/atmel/studio/7.0/toolchain/avr8/avr8-gnu-toolchain/bin/../lib/gcc/avr/5.4.0/../../../../avr/lib/avrxmega3\libm.a(addsf3.o)
                              build/default/production/mcc_generated_files/sensors_handling.o (__subsf3)
c:/program files (x86)/atmel/studio/7.0/toolchain/avr8/avr8-gnu-toolchain/bin/../lib/gcc/avr/5.4.0/../../../../avr/lib/avrxmega3\libm.a(addsf3x.o)
                              c:/program files (x86)/atmel/studio/7.0/toolchain/avr8/avr8-gnu-toolchain/bin/../lib/gcc/avr/5.4.0/../../../../avr/lib/avrxmega3\libm.a(addsf3.o) (__addsf3x)
c:/program files (x86)/atmel/studio/7.0/toolchain/avr8/avr8-gnu-toolchain/bin/../lib/gcc/avr/5.4.0/../../../../avr/lib/avrxmega3\libm.a(fixsfsi.o)
                              build/default/production/mcc_generated_files/sensors_handling.o (__fixsfsi)
c:/program files (x86)/atmel/studio/7.0/toolchain/avr8/avr8-gnu-toolchain/bin/../lib/gcc/avr/5.4.0/../../../../avr/lib/avrxmega3\libm.a(fixunssfsi.o)
                              c:/program files (x86)/atmel/studio/7.0/toolchain/avr8/avr8-gnu-toolchain/bin/../lib/gcc/avr/5.4.0/../../../../avr/lib/avrxmega3\libm.a(fixsfsi.o) (__fixunssfsi)
c:/program files (x86)/atmel/studio/7.0/toolchain/avr8/avr8-gnu-toolchain/bin/../lib/gcc/avr/5.4.0/../../../../avr/lib/avrxmega3\libm.a(floatsisf.o)
                              build/default/production/mcc_generated_files/sensors_handling.o (__floatsisf)
c:/program files (x86)/atmel/studio/7.0/toolchain/avr8/avr8-gnu-toolchain/bin/../lib/gcc/avr/5.4.0/../../../../avr/lib/avrxmega3\libm.a(fp_inf.o)
                              c:/program files (x86)/atmel/studio/7.0/toolchain/avr8/avr8-gnu-toolchain/bin/../lib/gcc/avr/5.4.0/../../../../avr/lib/avrxmega3\libm.a(addsf3x.o) (__fp_inf)
c:/program files (x86)/atmel/studio/7.0/toolchain/avr8/avr8-gnu-toolchain/bin/../lib/gcc/avr/5.4.0/../../../../avr/lib/avrxmega3\libm.a(fp_nan.o)
                              c:/program files (x86)/atmel/studio/7.0/toolchain/avr8/avr8-gnu-toolchain/bin/../lib/gcc/avr/5.4.0/../../../../avr/lib/avrxmega3\libm.a(addsf3x.o) (__fp_nan)
c:/program files (x86)/atmel/studio/7.0/toolchain/avr8/avr8-gnu-toolchain/bin/../lib/gcc/avr/5.4.0/../../../../avr/lib/avrxmega3\libm.a(fp_pscA.o)
                              c:/program files (x86)/atmel/studio/7.0/toolchain/avr8/avr8-gnu-toolchain/bin/../lib/gcc/avr/5.4.0/../../../../avr/lib/avrxmega3\libm.a(addsf3x.o) (__fp_pscA)
c:/program files (x86)/atmel/studio/7.0/toolchain/avr8/avr8-gnu-toolchain/bin/../lib/gcc/avr/5.4.0/../../../../avr/lib/avrxmega3\libm.a(fp_pscB.o)
                              c:/program files (x86)/atmel/studio/7.0/toolchain/avr8/avr8-gnu-toolchain/bin/../lib/gcc/avr/5.4.0/../../../../avr/lib/avrxmega3\libm.a(addsf3x.o) (__fp_pscB)
c:/program files (x86)/atmel/studio/7.0/toolchain/avr8/avr8-gnu-toolchain/bin/../lib/gcc/avr/5.4.0/../../../../avr/lib/avrxmega3\libm.a(fp_round.o)
                              c:/program files (x86)/atmel/studio/7.0/toolchain/avr8/avr8-gnu-toolchain/bin/../lib/gcc/avr/5.4.0/../../../../avr/lib/avrxmega3\libm.a(addsf3.o) (__fp_round)
c:/program files (x86)/atmel/studio/7.0/toolchain/avr8/avr8-gnu-toolchain/bin/../lib/gcc/avr/5.4.0/../../../../avr/lib/avrxmega3\libm.a(fp_split3.o)
                              c:/program files (x86)/atmel/studio/7.0/toolchain/avr8/avr8-gnu-toolchain/bin/../lib/gcc/avr/5.4.0/../../../../avr/lib/avrxmega3\libm.a(addsf3x.o) (__fp_split3)
c:/program files (x86)/atmel/studio/7.0/toolchain/avr8/avr8-gnu-toolchain/bin/../lib/gcc/avr/5.4.0/../../../../avr/lib/avrxmega3\libm.a(fp_zero.o)
                              c:/program files (x86)/atmel/studio/7.0/toolchain/avr8/avr8-gnu-toolchain/bin/../lib/gcc/avr/5.4.0/../../../../avr/lib/avrxmega3\libm.a(addsf3x.o) (__fp_zero)
c:/program files (x86)/atmel/studio/7.0/toolchain/avr8/avr8-gnu-toolchain/bin/../lib/gcc/avr/5.4.0/../../../../avr/lib/avrxmega3\libm.a(mulsf3.o)
                              build/default/production/mcc_generated_files/sensors_handling.o (__mulsf3)
c:/program files (x86)/atmel/studio/7.0/toolchain/avr8/avr8-gnu-toolchain/bin/../lib/gcc/avr/5.4.0/../../../../avr/lib/avrxmega3\libm.a(mulsf3x.o)
                              c:/program files (x86)/atmel/studio/7.0/toolchain/avr8/avr8-gnu-toolchain/bin/../lib/gcc/avr/5.4.0/../../../../avr/lib/avrxmega3\libm.a(mulsf3.o) (__mulsf3x)
c:/program files (x86)/atmel/studio/7.0/toolchain/avr8/avr8-gnu-toolchain/bin/../lib/gcc/avr/5.4.0/avrxmega3\libgcc.a(_udivmodhi4.o)
                              build/default/production/mcc_generated_files/cryptoauthlib/lib/atcacert/atcacert_def.o (__udivmodhi4)
c:/program files (x86)/atmel/studio/7.0/toolchain/avr8/avr8-gnu-toolchain/bin/../lib/gcc/avr/5.4.0/avrxmega3\libgcc.a(_divmodhi4.o)
[...]
Memory Configuration

Name             Origin             Length             Attributes
text             0x00000000         0x0000c000         xr
data             0x00802000         0x00001800         rw !x
eeprom           0x00810000         0x00000100         rw !x
fuse             0x00820000         0x00000009         rw !x
lock             0x00830000         0x00000400         rw !x
signature        0x00840000         0x00000400         rw !x
user_signatures  0x00850000         0x00000400         rw !x
*default*        0x00000000         0xffffffff

Linker script and memory map

Address of section .data set to 0x802800
                0x00004000                __RODATA_PM_OFFSET__ = 0x4000
LOAD C:/Program Files (x86)/Microchip/MPLABX/v5.15/packs/Microchip/ATmega_DFP/2.0.2/gcc/dev/atmega4808/avrxmega3/crtatmega4808.o
LOAD build/default/production/mcc_generated_files/cli/cli.o
LOAD build/default/production/mcc_generated_files/cloud/bsd_adapter/bsdWINC.o
LOAD build/default/production/mcc_generated_files/cloud/crypto_client/crypto_client.o
LOAD build/default/production/mcc_generated_files/cloud/crypto_client/cryptoauthlib_main.o
LOAD build/default/production/mcc_generated_files/cloud/mqtt_packetPopulation/mqtt_packetPopulate.o
LOAD build/default/production/mcc_generated_files/cloud/wifi_service.o
LOAD build/default/production/mcc_generated_files/cloud/cloud_service.o
LOAD build/default/production/mcc_generated_files/credentials_storage/credentials_storage.o
LOAD build/default/production/mcc_generated_files/cryptoauthlib/lib/atcacert/atcacert_client.o
LOAD build/default/production/mcc_generated_files/cryptoauthlib/lib/atcacert/atcacert_host_sw.o
LOAD build/default/production/mcc_generated_files/cryptoauthlib/lib/atcacert/atcacert_def.o
LOAD build/default/production/mcc_generated_files/cryptoauthlib/lib/atcacert/atcacert_date.o
LOAD build/default/production/mcc_generated_files/cryptoauthlib/lib/atcacert/atcacert_host_hw.o
LOAD build/default/production/mcc_generated_files/cryptoauthlib/lib/atcacert/atcacert_der.o
LOAD build/default/production/mcc_generated_files/cryptoauthlib/lib/atcacert/atcacert_pem.o
LOAD build/default/production/mcc_generated_files/cryptoauthlib/lib/basic/atca_basic_checkmac.o
LOAD build/default/production/mcc_generated_files/cryptoauthlib/lib/basic/atca_basic_secureboot.o
LOAD build/default/production/mcc_generated_files/cryptoauthlib/lib/basic/atca_basic_selftest.o
LOAD build/default/production/mcc_generated_files/cryptoauthlib/lib/basic/atca_basic_ecdh.o
LOAD build/default/production/mcc_generated_files/cryptoauthlib/lib/basic/atca_basic_updateextra.o
LOAD build/default/production/mcc_generated_files/cryptoauthlib/lib/basic/atca_basic_privwrite.o
LOAD build/default/production/mcc_generated_files/cryptoauthlib/lib/basic/atca_basic_info.o
LOAD build/default/production/mcc_generated_files/cryptoauthlib/lib/basic/atca_basic.o
LOAD build/default/production/mcc_generated_files/cryptoauthlib/lib/basic/atca_basic_read.o
LOAD build/default/production/mcc_generated_files/cryptoauthlib/lib/basic/atca_basic_aes.o
LOAD build/default/production/mcc_generated_files/cryptoauthlib/lib/basic/atca_basic_verify.o
LOAD build/default/production/mcc_generated_files/cryptoauthlib/lib/basic/atca_basic_sha.o
LOAD build/default/production/mcc_generated_files/cryptoauthlib/lib/basic/atca_basic_genkey.o
LOAD build/default/production/mcc_generated_files/cryptoauthlib/lib/basic/atca_basic_nonce.o
LOAD build/default/production/mcc_generated_files/cryptoauthlib/lib/basic/atca_basic_sign.o
LOAD build/default/production/mcc_generated_files/cryptoauthlib/lib/basic/atca_basic_kdf.o
LOAD build/default/production/mcc_generated_files/cryptoauthlib/lib/basic/atca_basic_hmac.o
LOAD build/default/production/mcc_generated_files/cryptoauthlib/lib/basic/atca_basic_counter.o
LOAD build/default/production/mcc_generated_files/cryptoauthlib/lib/basic/atca_basic_derivekey.o
LOAD build/default/production/mcc_generated_files/cryptoauthlib/lib/basic/atca_helpers.o
LOAD build/default/production/mcc_generated_files/cryptoauthlib/lib/basic/atca_basic_lock.o
LOAD build/default/production/mcc_generated_files/cryptoauthlib/lib/basic/atca_basic_mac.o
LOAD build/default/production/mcc_generated_files/cryptoauthlib/lib/basic/atca_basic_random.o
LOAD build/default/production/mcc_generated_files/cryptoauthlib/lib/basic/atca_basic_gendig.o
LOAD build/default/production/mcc_generated_files/cryptoauthlib/lib/basic/atca_basic_write.o
LOAD build/default/production/mcc_generated_files/cryptoauthlib/lib/crypto/hashes/sha1_routines.o
LOAD build/default/production/mcc_generated_files/cryptoauthlib/lib/crypto/hashes/sha2_routines.o
LOAD build/default/production/mcc_generated_files/cryptoauthlib/lib/crypto/atca_crypto_sw_sha1.o
LOAD build/default/production/mcc_generated_files/cryptoauthlib/lib/crypto/atca_crypto_sw_ecdsa.o
LOAD build/default/production/mcc_generated_files/cryptoauthlib/lib/crypto/atca_crypto_sw_sha2.o
LOAD build/default/production/mcc_generated_files/cryptoauthlib/lib/crypto/atca_crypto_sw_rand.o
LOAD build/default/production/mcc_generated_files/cryptoauthlib/lib/hal/hal_timer.o
LOAD build/default/production/mcc_generated_files/cryptoauthlib/lib/hal/hal_i2c.o
LOAD build/default/production/mcc_generated_files/cryptoauthlib/lib/hal/atca_hal.o
LOAD build/default/production/mcc_generated_files/cryptoauthlib/lib/host/atca_host.o
LOAD build/default/production/mcc_generated_files/cryptoauthlib/lib/jwt/atca_jwt.o
LOAD build/default/production/mcc_generated_files/cryptoauthlib/lib/tls/atcatls_cfg.o
LOAD build/default/production/mcc_generated_files/cryptoauthlib/lib/tls/atcatls.o
LOAD build/default/production/mcc_generated_files/cryptoauthlib/lib/atca_device.o
LOAD build/default/production/mcc_generated_files/cryptoauthlib/lib/atca_execution.o
LOAD build/default/production/mcc_generated_files/cryptoauthlib/lib/atca_command.o
LOAD build/default/production/mcc_generated_files/cryptoauthlib/lib/atca_cfgs.o
LOAD build/default/production/mcc_generated_files/cryptoauthlib/lib/atca_iface.o
LOAD build/default/production/mcc_generated_files/drivers/i2c_simple_master.o
LOAD build/default/production/mcc_generated_files/mqtt/mqtt_comm_bsd/mqtt_comm_layer.o
LOAD build/default/production/mcc_generated_files/mqtt/mqtt_core/mqtt_core.o
LOAD build/default/production/mcc_generated_files/mqtt/mqtt_exchange_buffer/mqtt_exchange_buffer.o
LOAD build/default/production/mcc_generated_files/mqtt/mqtt_packetTransfer_interface.o
LOAD build/default/production/mcc_generated_files/src/clkctrl.o
LOAD build/default/production/mcc_generated_files/src/twi0.o
LOAD build/default/production/mcc_generated_files/src/wdt.o
LOAD build/default/production/mcc_generated_files/src/system.o
LOAD build/default/production/mcc_generated_files/src/i2c_types.o
LOAD build/default/production/mcc_generated_files/src/usart2.o
LOAD build/default/production/mcc_generated_files/src/rtc.o
LOAD build/default/production/mcc_generated_files/src/pin_manager.o
LOAD build/default/production/mcc_generated_files/src/cpuint.o
LOAD build/default/production/mcc_generated_files/src/spi0.o
LOAD build/default/production/mcc_generated_files/src/adc0.o
LOAD build/default/production/mcc_generated_files/src/protected_io.o
LOAD build/default/production/mcc_generated_files/src/slpctrl.o
LOAD build/default/production/mcc_generated_files/src/bod.o
LOAD build/default/production/mcc_generated_files/winc/bsp/source/nm_bsp_mega.o
LOAD build/default/production/mcc_generated_files/winc/bus_wrapper/source/nm_bus_wrapper_mega.o
LOAD build/default/production/mcc_generated_files/winc/common/source/nm_common.o
LOAD build/default/production/mcc_generated_files/winc/driver/source/m2m_ate_mode.o
LOAD build/default/production/mcc_generated_files/winc/driver/source/m2m_ssl.o
LOAD build/default/production/mcc_generated_files/winc/driver/source/m2m_ota.o
LOAD build/default/production/mcc_generated_files/winc/driver/source/nmspi.o
LOAD build/default/production/mcc_generated_files/winc/driver/source/m2m_hif.o
LOAD build/default/production/mcc_generated_files/winc/driver/source/m2m_periph.o
LOAD build/default/production/mcc_generated_files/winc/driver/source/nmasic.o
LOAD build/default/production/mcc_generated_files/winc/driver/source/nmdrv.o
LOAD build/default/production/mcc_generated_files/winc/driver/source/m2m_wifi.o
LOAD build/default/production/mcc_generated_files/winc/driver/source/m2m_crypto.o
LOAD build/default/production/mcc_generated_files/winc/driver/source/nmi2c.o
LOAD build/default/production/mcc_generated_files/winc/driver/source/nmuart.o
LOAD build/default/production/mcc_generated_files/winc/driver/source/nmbus.o
LOAD build/default/production/mcc_generated_files/winc/socket/source/socket.o
LOAD build/default/production/mcc_generated_files/winc/spi_flash/source/spi_flash.o
LOAD build/default/production/mcc_generated_files/mcc.o
LOAD build/default/production/mcc_generated_files/application_manager.o
LOAD build/default/production/mcc_generated_files/driver_isr.o
LOAD build/default/production/mcc_generated_files/sensors_handling.o
LOAD build/default/production/mcc_generated_files/device_config.o
LOAD build/default/production/mcc_generated_files/led.o
LOAD build/default/production/mcc_generated_files/debug_print.o
LOAD build/default/production/main.o
                0x00000001                __MPLAB_BUILD = 0x1
START GROUP
LOAD c:/program files (x86)/atmel/studio/7.0/toolchain/avr8/avr8-gnu-toolchain/bin/../lib/gcc/avr/5.4.0/../../../../avr/lib/avrxmega3\libm.a
END GROUP
START GROUP
LOAD c:/program files (x86)/atmel/studio/7.0/toolchain/avr8/avr8-gnu-toolchain/bin/../lib/gcc/avr/5.4.0/avrxmega3\libgcc.a
LOAD c:/program files (x86)/atmel/studio/7.0/toolchain/avr8/avr8-gnu-toolchain/bin/../lib/gcc/avr/5.4.0/../../../../avr/lib/avrxmega3\libm.a
LOAD c:/program files (x86)/atmel/studio/7.0/toolchain/avr8/avr8-gnu-toolchain/bin/../lib/gcc/avr/5.4.0/../../../../avr/lib/avrxmega3\libc.a
LOAD C:/Program Files (x86)/Microchip/MPLABX/v5.15/packs/Microchip/ATmega_DFP/2.0.2/gcc/dev/atmega4808/avrxmega3\libatmega4808.a
END GROUP
                [0x0000c000]                __TEXT_REGION_LENGTH__ = DEFINED (__TEXT_REGION_LENGTH__)?__TEXT_REGION_LENGTH__:0x100000
                [0x00001800]                __DATA_REGION_LENGTH__ = DEFINED (__DATA_REGION_LENGTH__)?__DATA_REGION_LENGTH__:0xffa0
                [0x00000100]                __EEPROM_REGION_LENGTH__ = DEFINED (__EEPROM_REGION_LENGTH__)?__EEPROM_REGION_LENGTH__:0x10000
                [0x00000009]                __FUSE_REGION_LENGTH__ = DEFINED (__FUSE_REGION_LENGTH__)?__FUSE_REGION_LENGTH__:0x400
                0x00000400                __LOCK_REGION_LENGTH__ = DEFINED (__LOCK_REGION_LENGTH__)?__LOCK_REGION_LENGTH__:0x400
                0x00000400                __SIGNATURE_REGION_LENGTH__ = DEFINED (__SIGNATURE_REGION_LENGTH__)?__SIGNATURE_REGION_LENGTH__:0x400
                0x00000400                __USER_SIGNATURE_REGION_LENGTH__ = DEFINED (__USER_SIGNATURE_REGION_LENGTH__)?__USER_SIGNATURE_REGION_LENGTH__:0x400
                0x00008000                __RODATA_PM_OFFSET__ = DEFINED (__RODATA_PM_OFFSET__)?__RODATA_PM_OFFSET__:0x8000

.hash
 *(.hash)

.dynsym
 *(.dynsym)

.dynstr
 *(.dynstr)

.gnu.version
 *(.gnu.version)

.gnu.version_d
 *(.gnu.version_d)

.gnu.version_r
 *(.gnu.version_r)

.rel.init
 *(.rel.init)

.rela.init
 *(.rela.init)

.rel.text
 *(.rel.text)
 *(.rel.text.*)
 *(.rel.gnu.linkonce.t*)

.rela.text
 *(.rela.text)
 *(.rela.text.*)
 *(.rela.gnu.linkonce.t*)

.rel.fini
 *(.rel.fini)

.rela.fini
 *(.rela.fini)

.rel.rodata
 *(.rel.rodata)
 *(.rel.rodata.*)
 *(.rel.gnu.linkonce.r*)

.rela.rodata
 *(.rela.rodata)
 *(.rela.rodata.*)
 *(.rela.gnu.linkonce.r*)

.rel.data
 *(.rel.data)
 *(.rel.data.*)
 *(.rel.gnu.linkonce.d*)

.rela.data
 *(.rela.data)
 *(.rela.data.*)
 *(.rela.gnu.linkonce.d*)

.rel.ctors
 *(.rel.ctors)

.rela.ctors
 *(.rela.ctors)

.rel.dtors
 *(.rel.dtors)

.rela.dtors
 *(.rela.dtors)

.rel.got
 *(.rel.got)

.rela.got
 *(.rela.got)

.rel.bss
 *(.rel.bss)

.rela.bss
 *(.rela.bss)

.rel.plt
 *(.rel.plt)

.rela.plt
 *(.rela.plt)

.text           0x00000000     0xa722
 *(.vectors)
 .vectors       0x00000000       0x90 C:/Program Files (x86)/Microchip/MPLABX/v5.15/packs/Microchip/ATmega_DFP/2.0.2/gcc/dev/atmega4808/avrxmega3/crtatmega4808.o
                0x00000000                __vector_default
                0x00000000                __vectors
 *(.vectors)
 *(.progmem.gcc*)
 .progmem.gcc_sw_table.spi_cmd
                0x00000090       0x1e build/default/production/mcc_generated_files/winc/driver/source/nmspi.o
 .progmem.gcc_sw_table.hif_register_cb
                0x000000ae        0xe build/default/production/mcc_generated_files/winc/driver/source/m2m_hif.o
                0x000000bc                . = ALIGN (0x2)
                0x000000bc                __trampolines_start = .
 *(.trampolines)
 .trampolines   0x000000bc        0x0 linker stubs
 *(.trampolines*)
                0x000000bc                __trampolines_end = .
 *libprintf_flt.a:*(.progmem.data)
 *libc.a:*(.progmem.data)
 *(.progmem*)
 .progmem.data.crc7_syndrome_table
                0x000000bc      0x100 build/default/production/mcc_generated_files/winc/driver/source/nmspi.o
                0x000001bc                . = ALIGN (0x2)
 *(.jumptables)
 *(.jumptables*)
 *(.lowtext)
 *(.lowtext*)
                0x000001bc                __ctors_start = .
 *(.ctors)
                0x000001bc                __ctors_end = .
                0x000001bc                __dtors_start = .
 *(.dtors)
                0x000001bc                __dtors_end = .
 SORT(*)(.ctors)
 SORT(*)(.dtors)
 *(.init0)
 .init0         0x000001bc        0x0 C:/Program Files (x86)/Microchip/MPLABX/v5.15/packs/Microchip/ATmega_DFP/2.0.2/gcc/dev/atmega4808/avrxmega3/crtatmega4808.o
                0x000001bc                __init
 *(.init0)
 *(.init1)
 *(.init1)
 *(.init2)
 .init2         0x000001bc        0xc C:/Program Files (x86)/Microchip/MPLABX/v5.15/packs/Microchip/ATmega_DFP/2.0.2/gcc/dev/atmega4808/avrxmega3/crtatmega4808.o
 *(.init2)
 *(.init3)
 *(.init3)
 *(.init4)
 .init4         0x000001c8       0x16 c:/program files (x86)/atmel/studio/7.0/toolchain/avr8/avr8-gnu-toolchain/bin/../lib/gcc/avr/5.4.0/avrxmega3\libgcc.a(_copy_data.o)
                0x000001c8                __do_copy_data
 .init4         0x000001de       0x10 c:/program files (x86)/atmel/studio/7.0/toolchain/avr8/avr8-gnu-toolchain/bin/../lib/gcc/avr/5.4.0/avrxmega3\libgcc.a(_clear_bss.o)
                0x000001de                __do_clear_bss
 *(.init4)
 *(.init5)
 *(.init5)
 *(.init6)
 *(.init6)
 *(.init7)
 *(.init7)
 *(.init8)
 *(.init8)
 *(.init9)
 .init9         0x000001ee        0x8 C:/Program Files (x86)/Microchip/MPLABX/v5.15/packs/Microchip/ATmega_DFP/2.0.2/gcc/dev/atmega4808/avrxmega3/crtatmega4808.o
 *(.init9)
 *(.text)
 .text          0x000001f6        0x4 C:/Program Files (x86)/Microchip/MPLABX/v5.15/packs/Microchip/ATmega_DFP/2.0.2/gcc/dev/atmega4808/avrxmega3/crtatmega4808.o
                0x000001f6                __vector_28
                0x000001f6                __vector_1
                0x000001f6                __vector_34
                0x000001f6                __vector_24
                0x000001f6                __vector_12
                0x000001f6                __bad_interrupt
                0x000001f6                __vector_6
                0x000001f6                __vector_35
                0x000001f6                __vector_23
                0x000001f6                __vector_30
                0x000001f6                __vector_25
                0x000001f6                __vector_11
                0x000001f6                __vector_13
                0x000001f6                __vector_17
                0x000001f6                __vector_19
                0x000001f6                __vector_7
                0x000001f6                __vector_27
                0x000001f6                __vector_5
                0x000001f6                __vector_4
                0x000001f6                __vector_9
                0x000001f6                __vector_21
                0x000001f6                __vector_8
                0x000001f6                __vector_26
                0x000001f6                __vector_14
                0x000001f6                __vector_10
                0x000001f6                __vector_16
                0x000001f6                __vector_18
                0x000001f6                __vector_20
 .text          0x000001fa        0xa c:/program files (x86)/atmel/studio/7.0/toolchain/avr8/avr8-gnu-toolchain/bin/../lib/gcc/avr/5.4.0/../../../../avr/lib/avrxmega3\libc.a(difftime.o)
                0x000001fa                difftime
 .text          0x00000204       0xb2 c:/program files (x86)/atmel/studio/7.0/toolchain/avr8/avr8-gnu-toolchain/bin/../lib/gcc/avr/5.4.0/../../../../avr/lib/avrxmega3\libc.a(mktime.o)
                0x00000204                mktime
 .text          0x000002b6       0x18 c:/program files (x86)/atmel/studio/7.0/toolchain/avr8/avr8-gnu-toolchain/bin/../lib/gcc/avr/5.4.0/../../../../avr/lib/avrxmega3\libc.a(set_system_time.o)
                0x000002b6                set_system_time
 .text          0x000002ce       0x26 c:/program files (x86)/atmel/studio/7.0/toolchain/avr8/avr8-gnu-toolchain/bin/../lib/gcc/avr/5.4.0/../../../../avr/lib/avrxmega3\libc.a(time.o)
                0x000002ce                time
 .text          0x000002f4       0x84 c:/program files (x86)/atmel/studio/7.0/toolchain/avr8/avr8-gnu-toolchain/bin/../lib/gcc/avr/5.4.0/../../../../avr/lib/avrxmega3\libc.a(localtime_r.o)
                0x000002f4                localtime_r
 .text          0x00000378      0x156 c:/program files (x86)/atmel/studio/7.0/toolchain/avr8/avr8-gnu-toolchain/bin/../lib/gcc/avr/5.4.0/../../../../avr/lib/avrxmega3\libc.a(mk_gmtime.o)
                0x00000378                mk_gmtime
 .text          0x000004ce      0x18e c:/program files (x86)/atmel/studio/7.0/toolchain/avr8/avr8-gnu-toolchain/bin/../lib/gcc/avr/5.4.0/../../../../avr/lib/avrxmega3\libc.a(gmtime_r.o)
                0x000004ce                gmtime_r
 .text          0x0000065c       0x28 c:/program files (x86)/atmel/studio/7.0/toolchain/avr8/avr8-gnu-toolchain/bin/../lib/gcc/avr/5.4.0/../../../../avr/lib/avrxmega3\libc.a(isLeap.o)
                0x0000065c                is_leap_year
                0x00000684                . = ALIGN (0x2)
 *(.text.*)
 .text.reset_cmd
                0x00000684       0x1a build/default/production/mcc_generated_files/cli/cli.o
 .text.set_debug_level
                0x0000069e       0x1c build/default/production/mcc_generated_files/cli/cli.o
 .text.get_firmware_version
                0x000006ba       0x1e build/default/production/mcc_generated_files/cli/cli.o
 .text.get_cli_version
                0x000006d8       0x1e build/default/production/mcc_generated_files/cli/cli.o
 .text.get_device_id
                0x000006f6       0x38 build/default/production/mcc_generated_files/cli/cli.o
 .text.get_public_key
                0x0000072e       0x4c build/default/production/mcc_generated_files/cli/cli.o
 .text.set_wifi_auth
                0x0000077a      0x160 build/default/production/mcc_generated_files/cli/cli.o
 .text.reconnect_cmd
                0x000008da       0x10 build/default/production/mcc_generated_files/cli/cli.o
 .text.CLI_task
                0x000008ea      0x14a build/default/production/mcc_generated_files/cli/cli.o
                0x000008ea                CLI_task
 .text.CLI_init
                0x00000a34       0x26 build/default/production/mcc_generated_files/cli/cli.o
                0x00000a34                CLI_init
 .text.CLI_setdeviceId
                0x00000a5a        0xa build/default/production/mcc_generated_files/cli/cli.o
                0x00000a5a                CLI_setdeviceId
 .text.getSocketInfo
                0x00000a64       0x4e build/default/production/mcc_generated_files/cloud/bsd_adapter/bsdWINC.o
                0x00000a64                getSocketInfo
 .text.BSD_socket
                0x00000ab2       0x44 build/default/production/mcc_generated_files/cloud/bsd_adapter/bsdWINC.o
                0x00000ab2                BSD_socket
 .text.BSD_connect
                0x00000af6       0xb8 build/default/production/mcc_generated_files/cloud/bsd_adapter/bsdWINC.o
                0x00000af6                BSD_connect
 .text.BSD_SetRecvHandlerTable
                0x00000bae        0xa build/default/production/mcc_generated_files/cloud/bsd_adapter/bsdWINC.o
                0x00000bae                BSD_SetRecvHandlerTable
 .text.BSD_recv
                0x00000bb8       0x70 build/default/production/mcc_generated_files/cloud/bsd_adapter/bsdWINC.o
                0x00000bb8                BSD_recv
 .text.BSD_close
                0x00000c28       0x3c build/default/production/mcc_generated_files/cloud/bsd_adapter/bsdWINC.o
                0x00000c28                BSD_close
 .text.BSD_htons
                0x00000c64        0x8 build/default/production/mcc_generated_files/cloud/bsd_adapter/bsdWINC.o
                0x00000c64                BSD_htons
 .text.BSD_GetSocketState
                0x00000c6c       0x12 build/default/production/mcc_generated_files/cloud/bsd_adapter/bsdWINC.o
                0x00000c6c                BSD_GetSocketState
 .text.BSD_send
                0x00000c7e       0x66 build/default/production/mcc_generated_files/cloud/bsd_adapter/bsdWINC.o
                0x00000c7e                BSD_send
 .text.BSD_SocketHandler
                0x00000ce4       0xbc build/default/production/mcc_generated_files/cloud/bsd_adapter/bsdWINC.o
                0x00000ce4                BSD_SocketHandler
 .text.CRYPTO_CLIENT_createJWT
                0x00000da0       0xb4 build/default/production/mcc_generated_files/cloud/crypto_client/crypto_client.o
                0x00000da0                CRYPTO_CLIENT_createJWT
 .text.CRYPTO_CLIENT_printPublicKey
                0x00000e54       0xc8 build/default/production/mcc_generated_files/cloud/crypto_client/crypto_client.o
                0x00000e54                CRYPTO_CLIENT_printPublicKey
 .text.CRYPTO_CLIENT_printSerialNumber
                0x00000f1c       0x80 build/default/production/mcc_generated_files/cloud/crypto_client/crypto_client.o
                0x00000f1c                CRYPTO_CLIENT_printSerialNumber
 .text.cryptoauthlib_init
                0x00000f9c       0x2a build/default/production/mcc_generated_files/cloud/crypto_client/cryptoauthlib_main.o
                0x00000f9c                cryptoauthlib_init
 .text.MQTT_CLIENT_publish
                0x00000fc6       0x38 build/default/production/mcc_generated_files/cloud/mqtt_packetPopulation/mqtt_packetPopulate.o
                0x00000fc6                MQTT_CLIENT_publish
 .text.MQTT_CLIENT_receive
                0x00000ffe        0x4 build/default/production/mcc_generated_files/cloud/mqtt_packetPopulation/mqtt_packetPopulate.o
                0x00000ffe                MQTT_CLIENT_receive
 .text.MQTT_CLIENT_connect
                0x00001002       0x58 build/default/production/mcc_generated_files/cloud/mqtt_packetPopulation/mqtt_packetPopulate.o
                0x00001002                MQTT_CLIENT_connect
 .text.checkBackTask
                0x0000105a       0x16 build/default/production/mcc_generated_files/cloud/wifi_service.o
                0x0000105a                checkBackTask
 .text.wifiCallback
                0x00001070      0x194 build/default/production/mcc_generated_files/cloud/wifi_service.o
 .text.ntpTimeFetchTask
                0x00001204        0xe build/default/production/mcc_generated_files/cloud/wifi_service.o
                0x00001204                ntpTimeFetchTask
 .text.wifiHandlerTask
                0x00001212       0x12 build/default/production/mcc_generated_files/cloud/wifi_service.o
                0x00001212                wifiHandlerTask
 .text.wifi_reinit
                0x00001224       0x68 build/default/production/mcc_generated_files/cloud/wifi_service.o
                0x00001224                wifi_reinit
 .text.wifi_connectToAp
                0x0000128c       0x44 build/default/production/mcc_generated_files/cloud/wifi_service.o
                0x0000128c                wifi_connectToAp
 .text.softApConnectTask
                0x000012d0       0x10 build/default/production/mcc_generated_files/cloud/wifi_service.o
                0x000012d0                softApConnectTask
 .text.wifi_disconnectFromAp
                0x000012e0       0x1c build/default/production/mcc_generated_files/cloud/wifi_service.o
                0x000012e0                wifi_disconnectFromAp
 .text.enable_provision_ap
                0x000012fc       0xae build/default/production/mcc_generated_files/cloud/wifi_service.o
                0x000012fc                enable_provision_ap
 .text.wifi_init
                0x000013aa       0x3c build/default/production/mcc_generated_files/cloud/wifi_service.o
                0x000013aa                wifi_init
 .text.mqttTimeoutTask
                0x000013e6       0x10 build/default/production/mcc_generated_files/cloud/cloud_service.o
                0x000013e6                mqttTimeoutTask
 .text.dnsHandler
                0x000013f6       0x1c build/default/production/mcc_generated_files/cloud/cloud_service.o
 .text.cloudResetTask
                0x00001412       0xb6 build/default/production/mcc_generated_files/cloud/cloud_service.o
                0x00001412                cloudResetTask
 .text.CLOUD_reset
                0x000014c8        0x6 build/default/production/mcc_generated_files/cloud/cloud_service.o
                0x000014c8                CLOUD_reset
 .text.CLOUD_init
                0x000014ce       0x10 build/default/production/mcc_generated_files/cloud/cloud_service.o
                0x000014ce                CLOUD_init
 .text.CLOUD_subscribe
                0x000014de       0x92 build/default/production/mcc_generated_files/cloud/cloud_service.o
                0x000014de                CLOUD_subscribe
 .text.CLOUD_task
                0x00001570      0x39a build/default/production/mcc_generated_files/cloud/cloud_service.o
                0x00001570                CLOUD_task
 .text.CLOUD_isConnected
                0x0000190a       0x10 build/default/production/mcc_generated_files/cloud/cloud_service.o
                0x0000190a                CLOUD_isConnected
 .text.CLOUD_publishData
                0x0000191a        0x4 build/default/production/mcc_generated_files/cloud/cloud_service.o
                0x0000191a                CLOUD_publishData
 .text.CREDENTIALS_STORAGE_clearWifiCredentials
                0x0000191e       0x26 build/default/production/mcc_generated_files/credentials_storage/credentials_storage.o
                0x0000191e                CREDENTIALS_STORAGE_clearWifiCredentials
 .text.atcab_release
                0x00001944       0x1a build/default/production/mcc_generated_files/cryptoauthlib/lib/basic/atca_basic.o
                0x00001944                atcab_release
 .text.atcab_init
                0x0000195e       0x94 build/default/production/mcc_generated_files/cryptoauthlib/lib/basic/atca_basic.o
                0x0000195e                atcab_init
 .text.atcab_init_device
                0x000019f2       0x44 build/default/production/mcc_generated_files/cryptoauthlib/lib/basic/atca_basic.o
                0x000019f2                atcab_init_device
 .text.atcab_get_addr
                0x00001a36       0x58 build/default/production/mcc_generated_files/cryptoauthlib/lib/basic/atca_basic.o
                0x00001a36                atcab_get_addr
 .text.atcab_get_zone_size
                0x00001a8e       0x82 build/default/production/mcc_generated_files/cryptoauthlib/lib/basic/atca_basic.o
                0x00001a8e                atcab_get_zone_size
 .text.atcab_read_zone
                0x00001b10       0xc8 build/default/production/mcc_generated_files/cryptoauthlib/lib/basic/atca_basic_read.o
                0x00001b10                atcab_read_zone
 .text.atcab_read_serial_number
                0x00001bd8       0x76 build/default/production/mcc_generated_files/cryptoauthlib/lib/basic/atca_basic_read.o
                0x00001bd8                atcab_read_serial_number
 .text.atcab_read_bytes_zone
                0x00001c4e      0x18c build/default/production/mcc_generated_files/cryptoauthlib/lib/basic/atca_basic_read.o
                0x00001c4e                atcab_read_bytes_zone
 .text.atcab_genkey_base
                0x00001dda       0x9c build/default/production/mcc_generated_files/cryptoauthlib/lib/basic/atca_basic_genkey.o
                0x00001dda                atcab_genkey_base
 .text.atcab_get_pubkey
                0x00001e76        0xe build/default/production/mcc_generated_files/cryptoauthlib/lib/basic/atca_basic_genkey.o
                0x00001e76                atcab_get_pubkey
 .text.atcab_nonce_base
                0x00001e84       0xaa build/default/production/mcc_generated_files/cryptoauthlib/lib/basic/atca_basic_nonce.o
                0x00001e84                atcab_nonce_base
 .text.atcab_nonce_load
                0x00001f2e       0x26 build/default/production/mcc_generated_files/cryptoauthlib/lib/basic/atca_basic_nonce.o
                0x00001f2e                atcab_nonce_load
 .text.atcab_sign_base
                0x00001f54       0x84 build/default/production/mcc_generated_files/cryptoauthlib/lib/basic/atca_basic_sign.o
                0x00001f54                atcab_sign_base
 .text.atcab_sign
                0x00001fd8       0x76 build/default/production/mcc_generated_files/cryptoauthlib/lib/basic/atca_basic_sign.o
                0x00001fd8                atcab_sign
 .text.base64Char
                0x0000204e       0x3e build/default/production/mcc_generated_files/cryptoauthlib/lib/basic/atca_helpers.o
                0x0000204e                base64Char
 .text.atcab_base64encode_
                0x0000208c      0x2b8 build/default/production/mcc_generated_files/cryptoauthlib/lib/basic/atca_helpers.o
                0x0000208c                atcab_base64encode_
 .text.atcab_base64encode
                0x00002344       0x12 build/default/production/mcc_generated_files/cryptoauthlib/lib/basic/atca_helpers.o
                0x00002344                atcab_base64encode
 .text.atcab_lock
                0x00002356       0x62 build/default/production/mcc_generated_files/cryptoauthlib/lib/basic/atca_basic_lock.o
                0x00002356                atcab_lock
 .text.atcab_lock_data_slot
                0x000023b8        0xe build/default/production/mcc_generated_files/cryptoauthlib/lib/basic/atca_basic_lock.o
                0x000023b8                atcab_lock_data_slot
 .text.atcab_random
                0x000023c6       0x7c build/default/production/mcc_generated_files/cryptoauthlib/lib/basic/atca_basic_random.o
                0x000023c6                atcab_random
 .text.sw_sha256_process
                0x00002442      0x896 build/default/production/mcc_generated_files/cryptoauthlib/lib/crypto/hashes/sha2_routines.o
 .text.sw_sha256_init
                0x00002cd8       0x30 build/default/production/mcc_generated_files/cryptoauthlib/lib/crypto/hashes/sha2_routines.o
                0x00002cd8                sw_sha256_init
 .text.sw_sha256_update
                0x00002d08      0x170 build/default/production/mcc_generated_files/cryptoauthlib/lib/crypto/hashes/sha2_routines.o
                0x00002d08                sw_sha256_update
 .text.sw_sha256_final
                0x00002e78      0x17e build/default/production/mcc_generated_files/cryptoauthlib/lib/crypto/hashes/sha2_routines.o
                0x00002e78                sw_sha256_final
 .text.atcac_sw_sha2_256
                0x00002ff6       0x62 build/default/production/mcc_generated_files/cryptoauthlib/lib/crypto/atca_crypto_sw_sha2.o
                0x00002ff6                atcac_sw_sha2_256
 .text.atca_delay_ms
                0x00003058       0x22 build/default/production/mcc_generated_files/cryptoauthlib/lib/hal/hal_timer.o
                0x00003058                atca_delay_ms
 .text.hal_i2c_init
                0x0000307a        0x8 build/default/production/mcc_generated_files/cryptoauthlib/lib/hal/hal_i2c.o
                0x0000307a                hal_i2c_init
 .text.hal_i2c_post_init
                0x00003082        0x4 build/default/production/mcc_generated_files/cryptoauthlib/lib/hal/hal_i2c.o
                0x00003082                hal_i2c_post_init
 .text.I2C_0_wake_up
                0x00003086       0x44 build/default/production/mcc_generated_files/cryptoauthlib/lib/hal/hal_i2c.o
                0x00003086                I2C_0_wake_up
 .text.hal_i2c_release
                0x000030ca        0x4 build/default/production/mcc_generated_files/cryptoauthlib/lib/hal/hal_i2c.o
                0x000030ca                hal_i2c_release
 .text.hal_i2c_writeNBytes
                0x000030ce       0x48 build/default/production/mcc_generated_files/cryptoauthlib/lib/hal/hal_i2c.o
                0x000030ce                hal_i2c_writeNBytes
 .text.hal_i2c_send
                0x00003116       0x14 build/default/production/mcc_generated_files/cryptoauthlib/lib/hal/hal_i2c.o
                0x00003116                hal_i2c_send
 .text.hal_i2c_idle
                0x0000312a       0x28 build/default/production/mcc_generated_files/cryptoauthlib/lib/hal/hal_i2c.o
                0x0000312a                hal_i2c_idle
 .text.hal_i2c_sleep
                0x00003152       0x28 build/default/production/mcc_generated_files/cryptoauthlib/lib/hal/hal_i2c.o
                0x00003152                hal_i2c_sleep
 .text.hal_i2c_readNBytes
                0x0000317a       0x3c build/default/production/mcc_generated_files/cryptoauthlib/lib/hal/hal_i2c.o
                0x0000317a                hal_i2c_readNBytes
 .text.hal_i2c_receive
                0x000031b6       0x10 build/default/production/mcc_generated_files/cryptoauthlib/lib/hal/hal_i2c.o
                0x000031b6                hal_i2c_receive
 .text.hal_i2c_wake
                0x000031c6       0x82 build/default/production/mcc_generated_files/cryptoauthlib/lib/hal/hal_i2c.o
                0x000031c6                hal_i2c_wake
 .text.hal_iface_init
                0x00003248       0x56 build/default/production/mcc_generated_files/cryptoauthlib/lib/hal/atca_hal.o
                0x00003248                hal_iface_init
 .text.hal_iface_release
                0x0000329e        0xe build/default/production/mcc_generated_files/cryptoauthlib/lib/hal/atca_hal.o
                0x0000329e                hal_iface_release
 .text.atca_jwt_check_payload_start
                0x000032ac       0x6a build/default/production/mcc_generated_files/cryptoauthlib/lib/jwt/atca_jwt.o
                0x000032ac                atca_jwt_check_payload_start
 .text.atca_jwt_init
                0x00003316       0xa6 build/default/production/mcc_generated_files/cryptoauthlib/lib/jwt/atca_jwt.o
                0x00003316                atca_jwt_init
 .text.atca_jwt_finalize
                0x000033bc      0x224 build/default/production/mcc_generated_files/cryptoauthlib/lib/jwt/atca_jwt.o
                0x000033bc                atca_jwt_finalize
 .text.atca_jwt_add_claim_string
                0x000035e0       0xce build/default/production/mcc_generated_files/cryptoauthlib/lib/jwt/atca_jwt.o
                0x000035e0                atca_jwt_add_claim_string
 .text.atca_jwt_add_claim_numeric
                0x000036ae       0xda build/default/production/mcc_generated_files/cryptoauthlib/lib/jwt/atca_jwt.o
                0x000036ae                atca_jwt_add_claim_numeric
 .text.atcatls_get_sn
                0x00003788       0x2a build/default/production/mcc_generated_files/cryptoauthlib/lib/tls/atcatls.o
                0x00003788                atcatls_get_sn
 .text.initATCADevice
                0x000037b2       0x52 build/default/production/mcc_generated_files/cryptoauthlib/lib/atca_device.o
                0x000037b2                initATCADevice
 .text.atGetCommands
                0x00003804        0x8 build/default/production/mcc_generated_files/cryptoauthlib/lib/atca_device.o
                0x00003804                atGetCommands
 .text.atGetIFace
                0x0000380c        0x8 build/default/production/mcc_generated_files/cryptoauthlib/lib/atca_device.o
                0x0000380c                atGetIFace
 .text.releaseATCADevice
                0x00003814       0x12 build/default/production/mcc_generated_files/cryptoauthlib/lib/atca_device.o
                0x00003814                releaseATCADevice
 .text.atGetExecTime
                0x00003826       0x9c build/default/production/mcc_generated_files/cryptoauthlib/lib/atca_execution.o
                0x00003826                atGetExecTime
 .text.atca_execute_command
                0x000038c2       0xf4 build/default/production/mcc_generated_files/cryptoauthlib/lib/atca_execution.o
                0x000038c2                atca_execute_command
 .text.initATCACommand
                0x000039b6       0x14 build/default/production/mcc_generated_files/cryptoauthlib/lib/atca_command.o
                0x000039b6                initATCACommand
 .text.atCRC    0x000039ca       0x5a build/default/production/mcc_generated_files/cryptoauthlib/lib/atca_command.o
                0x000039ca                atCRC
 .text.atCalcCrc
                0x00003a24       0x18 build/default/production/mcc_generated_files/cryptoauthlib/lib/atca_command.o
                0x00003a24                atCalcCrc
 .text.atGenKey
                0x00003a3c       0x1e build/default/production/mcc_generated_files/cryptoauthlib/lib/atca_command.o
                0x00003a3c                atGenKey
 .text.atLock   0x00003a5a       0x14 build/default/production/mcc_generated_files/cryptoauthlib/lib/atca_command.o
                0x00003a5a                atLock
 .text.atNonce  0x00003a6e       0x32 build/default/production/mcc_generated_files/cryptoauthlib/lib/atca_command.o
                0x00003a6e                atNonce
 .text.atRandom
                0x00003aa0       0x14 build/default/production/mcc_generated_files/cryptoauthlib/lib/atca_command.o
                0x00003aa0                atRandom
 .text.atRead   0x00003ab4       0x14 build/default/production/mcc_generated_files/cryptoauthlib/lib/atca_command.o
                0x00003ab4                atRead
 .text.atSign   0x00003ac8       0x14 build/default/production/mcc_generated_files/cryptoauthlib/lib/atca_command.o
                0x00003ac8                atSign
 .text.atCheckCrc
                0x00003adc       0x5a build/default/production/mcc_generated_files/cryptoauthlib/lib/atca_command.o
                0x00003adc                atCheckCrc
 .text.isATCAError
                0x00003b36       0x58 build/default/production/mcc_generated_files/cryptoauthlib/lib/atca_command.o
                0x00003b36                isATCAError
 .text.atsend   0x00003b8e        0xc build/default/production/mcc_generated_files/cryptoauthlib/lib/atca_iface.o
                0x00003b8e                atsend
 .text.atreceive
                0x00003b9a        0xc build/default/production/mcc_generated_files/cryptoauthlib/lib/atca_iface.o
                0x00003b9a                atreceive
 .text.atwake   0x00003ba6       0x2e build/default/production/mcc_generated_files/cryptoauthlib/lib/atca_iface.o
                0x00003ba6                atwake
 .text.atidle   0x00003bd4       0x22 build/default/production/mcc_generated_files/cryptoauthlib/lib/atca_iface.o
                0x00003bd4                atidle
 .text.releaseATCAIface
                0x00003bf6       0x14 build/default/production/mcc_generated_files/cryptoauthlib/lib/atca_iface.o
                0x00003bf6                releaseATCAIface
 .text._atinit  0x00003c0a       0x62 build/default/production/mcc_generated_files/cryptoauthlib/lib/atca_iface.o
                0x00003c0a                _atinit
 .text.atinit   0x00003c6c       0x5e build/default/production/mcc_generated_files/cryptoauthlib/lib/atca_iface.o
                0x00003c6c                atinit
 .text.initATCAIface
                0x00003cca       0x20 build/default/production/mcc_generated_files/cryptoauthlib/lib/atca_iface.o
                0x00003cca                initATCAIface
 .text.wr1RegCompleteHandler
                0x00003cea       0x18 build/default/production/mcc_generated_files/drivers/i2c_simple_master.o
 .text.rd1RegCompleteHandler
                0x00003d02       0x18 build/default/production/mcc_generated_files/drivers/i2c_simple_master.o
 .text.rd2RegCompleteHandler
                0x00003d1a       0x18 build/default/production/mcc_generated_files/drivers/i2c_simple_master.o
 .text.i2c_write1ByteRegister
                0x00003d32       0x5a build/default/production/mcc_generated_files/drivers/i2c_simple_master.o
                0x00003d32                i2c_write1ByteRegister
 .text.i2c_read1ByteRegister
                0x00003d8c       0x74 build/default/production/mcc_generated_files/drivers/i2c_simple_master.o
                0x00003d8c                i2c_read1ByteRegister
 .text.i2c_read2ByteRegister
                0x00003e00       0x66 build/default/production/mcc_generated_files/drivers/i2c_simple_master.o
                0x00003e00                i2c_read2ByteRegister
 .text.MQTT_ClientInitialise
                0x00003e66       0x54 build/default/production/mcc_generated_files/mqtt/mqtt_comm_bsd/mqtt_comm_layer.o
                0x00003e66                MQTT_ClientInitialise
 .text.MQTT_GetClientConnectionInfo
                0x00003eba        0x6 build/default/production/mcc_generated_files/mqtt/mqtt_comm_bsd/mqtt_comm_layer.o
                0x00003eba                MQTT_GetClientConnectionInfo
 .text.MQTT_Send
                0x00003ec0       0x2e build/default/production/mcc_generated_files/mqtt/mqtt_comm_bsd/mqtt_comm_layer.o
                0x00003ec0                MQTT_Send
 .text.MQTT_Close
                0x00003eee       0x22 build/default/production/mcc_generated_files/mqtt/mqtt_comm_bsd/mqtt_comm_layer.o
                0x00003eee                MQTT_Close
 .text.MQTT_GetReceivedData
                0x00003f10       0x26 build/default/production/mcc_generated_files/mqtt/mqtt_comm_bsd/mqtt_comm_layer.o
                0x00003f10                MQTT_GetReceivedData
 .text.checkConnackTimeoutState
                0x00003f36        0xe build/default/production/mcc_generated_files/mqtt/mqtt_core/mqtt_core.o
 .text.checkPingreqTimeoutState
                0x00003f44       0x22 build/default/production/mcc_generated_files/mqtt/mqtt_core/mqtt_core.o
 .text.checkPingrespTimeoutState
                0x00003f66       0x10 build/default/production/mcc_generated_files/mqtt/mqtt_core/mqtt_core.o
 .text.checkSubackTimeoutState
                0x00003f76        0xe build/default/production/mcc_generated_files/mqtt/mqtt_core/mqtt_core.o
 .text.checkUnsubackTimeoutState
                0x00003f84        0xe build/default/production/mcc_generated_files/mqtt/mqtt_core/mqtt_core.o
 .text.mqttEncodeLength
                0x00003f92       0x28 build/default/production/mcc_generated_files/mqtt/mqtt_core/mqtt_core.o
 .text.mqttProcessPublish
                0x00003fba      0x1d2 build/default/production/mcc_generated_files/mqtt/mqtt_core/mqtt_core.o
 .text.MQTT_getConnectionAge
                0x0000418c       0x4a build/default/production/mcc_generated_files/mqtt/mqtt_core/mqtt_core.o
                0x0000418c                MQTT_getConnectionAge
 .text.MQTT_initialiseState
                0x000041d6        0x6 build/default/production/mcc_generated_files/mqtt/mqtt_core/mqtt_core.o
                0x000041d6                MQTT_initialiseState
 .text.MQTT_GetConnectionState
                0x000041dc        0x6 build/default/production/mcc_generated_files/mqtt/mqtt_core/mqtt_core.o
                0x000041dc                MQTT_GetConnectionState
 .text.MQTT_CreateConnectPacket
                0x000041e2      0x138 build/default/production/mcc_generated_files/mqtt/mqtt_core/mqtt_core.o
                0x000041e2                MQTT_CreateConnectPacket
 .text.MQTT_CreatePublishPacket
                0x0000431a       0xfc build/default/production/mcc_generated_files/mqtt/mqtt_core/mqtt_core.o
                0x0000431a                MQTT_CreatePublishPacket
 .text.MQTT_CreateSubscribePacket
                0x00004416       0x7e build/default/production/mcc_generated_files/mqtt/mqtt_core/mqtt_core.o
                0x00004416                MQTT_CreateSubscribePacket
 .text.MQTT_Disconnect
                0x00004494       0x80 build/default/production/mcc_generated_files/mqtt/mqtt_core/mqtt_core.o
                0x00004494                MQTT_Disconnect
 .text.MQTT_TransmissionHandler
                0x00004514      0x4a6 build/default/production/mcc_generated_files/mqtt/mqtt_core/mqtt_core.o
                0x00004514                MQTT_TransmissionHandler
 .text.MQTT_ReceptionHandler
                0x000049ba      0x396 build/default/production/mcc_generated_files/mqtt/mqtt_core/mqtt_core.o
                0x000049ba                MQTT_ReceptionHandler
 .text.MQTT_ExchangeBufferInit
                0x00004d50       0x10 build/default/production/mcc_generated_files/mqtt/mqtt_exchange_buffer/mqtt_exchange_buffer.o
                0x00004d50                MQTT_ExchangeBufferInit
 .text.MQTT_ExchangeBufferWrite
                0x00004d60       0x86 build/default/production/mcc_generated_files/mqtt/mqtt_exchange_buffer/mqtt_exchange_buffer.o
                0x00004d60                MQTT_ExchangeBufferWrite
 .text.MQTT_ExchangeBufferPeek
                0x00004de6       0x5c build/default/production/mcc_generated_files/mqtt/mqtt_exchange_buffer/mqtt_exchange_buffer.o
                0x00004de6                MQTT_ExchangeBufferPeek
 .text.MQTT_ExchangeBufferRead
                0x00004e42       0x60 build/default/production/mcc_generated_files/mqtt/mqtt_exchange_buffer/mqtt_exchange_buffer.o
                0x00004e42                MQTT_ExchangeBufferRead
 .text.MQTT_SetPublishReceptionHandlerTable
                0x00004ea2        0xa build/default/production/mcc_generated_files/mqtt/mqtt_packetTransfer_interface.o
                0x00004ea2                MQTT_SetPublishReceptionHandlerTable
 .text.MQTT_GetPublishReceptionHandlerTable
                0x00004eac        0xa build/default/production/mcc_generated_files/mqtt/mqtt_packetTransfer_interface.o
                0x00004eac                MQTT_GetPublishReceptionHandlerTable
 .text.CLKCTRL_init
                0x00004eb6       0x10 build/default/production/mcc_generated_files/src/clkctrl.o
                0x00004eb6                CLKCTRL_init
 .text.I2C_0_do_I2C_RESET
                0x00004ec6       0x20 build/default/production/mcc_generated_files/src/twi0.o
 .text.I2C_0_do_I2C_IDLE
                0x00004ee6       0x10 build/default/production/mcc_generated_files/src/twi0.o
 .text.I2C_0_do_I2C_SEND_STOP
                0x00004ef6       0x1a build/default/production/mcc_generated_files/src/twi0.o
 .text.I2C_0_do_I2C_SEND_ADR_READ
                0x00004f10       0x18 build/default/production/mcc_generated_files/src/twi0.o
 .text.I2C_0_do_I2C_SEND_RESTART
                0x00004f28        0x4 build/default/production/mcc_generated_files/src/twi0.o
 .text.I2C_0_do_I2C_SEND_ADR_WRITE
                0x00004f2c       0x16 build/default/production/mcc_generated_files/src/twi0.o
 .text.I2C_0_do_I2C_SEND_RESTART_WRITE
                0x00004f42        0x4 build/default/production/mcc_generated_files/src/twi0.o
 .text.I2C_0_do_I2C_DO_ADDRESS_NACK
                0x00004f46       0x36 build/default/production/mcc_generated_files/src/twi0.o
 .text.I2C_0_do_I2C_RX_DO_ACK
                0x00004f7c        0xe build/default/production/mcc_generated_files/src/twi0.o
 .text.I2C_0_do_I2C_TX_DO_ACK
                0x00004f8a        0xe build/default/production/mcc_generated_files/src/twi0.o
 .text.I2C_0_do_I2C_DO_NACK_STOP
                0x00004f98       0x20 build/default/production/mcc_generated_files/src/twi0.o
 .text.I2C_0_do_I2C_DO_NACK_RESTART
                0x00004fb8        0xe build/default/production/mcc_generated_files/src/twi0.o
 .text.I2C_0_do_I2C_BUS_COLLISION
                0x00004fc6       0x36 build/default/production/mcc_generated_files/src/twi0.o
 .text.I2C_0_do_I2C_BUS_ERROR
                0x00004ffc       0x22 build/default/production/mcc_generated_files/src/twi0.o
 .text.I2C_0_master_isr
                0x0000501e       0x58 build/default/production/mcc_generated_files/src/twi0.o
 .text.I2C_0_return_stop
                0x00005076        0x4 build/default/production/mcc_generated_files/src/twi0.o
 .text.I2C_0_return_reset
                0x0000507a        0x4 build/default/production/mcc_generated_files/src/twi0.o
 .text.I2C_0_set_callback
                0x0000507e       0x3e build/default/production/mcc_generated_files/src/twi0.o
 .text.I2C_0_do_I2C_TX
                0x000050bc       0x70 build/default/production/mcc_generated_files/src/twi0.o
 .text.I2C_0_do_I2C_RX
                0x0000512c       0xa4 build/default/production/mcc_generated_files/src/twi0.o
 .text.I2C_0_do_I2C_TX_EMPTY
                0x000051d0       0x5c build/default/production/mcc_generated_files/src/twi0.o
 .text.I2C_0_do_I2C_SEND_RESTART_READ
                0x0000522c        0x4 build/default/production/mcc_generated_files/src/twi0.o
 .text.I2C_0_set_data_complete_callback
                0x00005230        0xa build/default/production/mcc_generated_files/src/twi0.o
                0x00005230                I2C_0_set_data_complete_callback
 .text.I2C_0_set_address_nack_callback
                0x0000523a        0xa build/default/production/mcc_generated_files/src/twi0.o
                0x0000523a                I2C_0_set_address_nack_callback
 .text.I2C_0_init
                0x00005244       0x10 build/default/production/mcc_generated_files/src/twi0.o
                0x00005244                I2C_0_init
 .text.I2C_0_open
                0x00005254       0xb2 build/default/production/mcc_generated_files/src/twi0.o
                0x00005254                I2C_0_open
 .text.I2C_0_close
                0x00005306       0x4a build/default/production/mcc_generated_files/src/twi0.o
                0x00005306                I2C_0_close
 .text.I2C_0_set_buffer
                0x00005350       0x24 build/default/production/mcc_generated_files/src/twi0.o
                0x00005350                I2C_0_set_buffer
 .text.I2C_0_master_operation
                0x00005374       0x28 build/default/production/mcc_generated_files/src/twi0.o
                0x00005374                I2C_0_master_operation
 .text.I2C_0_master_write
                0x0000539c        0x6 build/default/production/mcc_generated_files/src/twi0.o
                0x0000539c                I2C_0_master_write
 .text.__vector_15
                0x000053a2       0x48 build/default/production/mcc_generated_files/src/twi0.o
                0x000053a2                __vector_15
 .text.WDT_init
                0x000053ea        0x4 build/default/production/mcc_generated_files/src/wdt.o
                0x000053ea                WDT_init
 .text.mcu_init
                0x000053ee       0x6e build/default/production/mcc_generated_files/src/system.o
                0x000053ee                mcu_init
 .text.i2c_cb_return_stop
                0x0000545c        0x4 build/default/production/mcc_generated_files/src/i2c_types.o
                0x0000545c                i2c_cb_return_stop
 .text.i2c_cb_restart_write
                0x00005460        0x4 build/default/production/mcc_generated_files/src/i2c_types.o
                0x00005460                i2c_cb_restart_write
 .text.USART_2_default_rx_isr_cb
                0x00005464       0x2c build/default/production/mcc_generated_files/src/usart2.o
                0x00005464                USART_2_default_rx_isr_cb
 .text.USART_2_default_udre_isr_cb
                0x00005490       0x3e build/default/production/mcc_generated_files/src/usart2.o
                0x00005490                USART_2_default_udre_isr_cb
 .text.__vector_31
                0x000054ce       0x52 build/default/production/mcc_generated_files/src/usart2.o
                0x000054ce                __vector_31
 .text.__vector_32
                0x00005520       0x52 build/default/production/mcc_generated_files/src/usart2.o
                0x00005520                __vector_32
 .text.__vector_33
                0x00005572       0x14 build/default/production/mcc_generated_files/src/usart2.o
                0x00005572                __vector_33
 .text.USART_2_is_rx_ready
                0x00005586        0xe build/default/production/mcc_generated_files/src/usart2.o
                0x00005586                USART_2_is_rx_ready
 .text.USART_2_read
                0x00005594       0x32 build/default/production/mcc_generated_files/src/usart2.o
                0x00005594                USART_2_read
 .text.USART_2_write
                0x000055c6       0x3e build/default/production/mcc_generated_files/src/usart2.o
                0x000055c6                USART_2_write
 .text.USART_2_printCHAR
                0x00005604        0xa build/default/production/mcc_generated_files/src/usart2.o
                0x00005604                USART_2_printCHAR
 .text.USART_2_init
                0x0000560e       0x3c build/default/production/mcc_generated_files/src/usart2.o
                0x0000560e                USART_2_init
 .text.scheduler_dummy_handler
                0x0000564a        0x8 build/default/production/mcc_generated_files/src/rtc.o
                0x0000564a                scheduler_dummy_handler
 .text.scheduler_timeout_init
                0x00005652       0x18 build/default/production/mcc_generated_files/src/rtc.o
                0x00005652                scheduler_timeout_init
 .text.scheduler_stop_timeouts
                0x0000566a       0x20 build/default/production/mcc_generated_files/src/rtc.o
                0x0000566a                scheduler_stop_timeouts
 .text.scheduler_set_timer_duration
                0x0000568a       0x5e build/default/production/mcc_generated_files/src/rtc.o
                0x0000568a                scheduler_set_timer_duration
 .text.scheduler_make_absolute
                0x000056e8       0x80 build/default/production/mcc_generated_files/src/rtc.o
                0x000056e8                scheduler_make_absolute
 .text.scheduler_rebase_list
                0x00005768       0x70 build/default/production/mcc_generated_files/src/rtc.o
                0x00005768                scheduler_rebase_list
 .text.scheduler_sorted_insert
                0x000057d8       0xec build/default/production/mcc_generated_files/src/rtc.o
                0x000057d8                scheduler_sorted_insert
 .text.scheduler_start_timer_at_head
                0x000058c4       0xae build/default/production/mcc_generated_files/src/rtc.o
                0x000058c4                scheduler_start_timer_at_head
 .text.scheduler_timeout_delete_helper
                0x00005972       0x76 build/default/production/mcc_generated_files/src/rtc.o
                0x00005972                scheduler_timeout_delete_helper
 .text.scheduler_timeout_delete
                0x000059e8       0x28 build/default/production/mcc_generated_files/src/rtc.o
                0x000059e8                scheduler_timeout_delete
 .text.scheduler_enqueue_callback
                0x00005a10       0x38 build/default/production/mcc_generated_files/src/rtc.o
                0x00005a10                scheduler_enqueue_callback
 .text.scheduler_timeout_create
                0x00005a48       0x6a build/default/production/mcc_generated_files/src/rtc.o
                0x00005a48                scheduler_timeout_create
 .text.scheduler_timeout_call_next_callback
                0x00005ab2       0x74 build/default/production/mcc_generated_files/src/rtc.o
                0x00005ab2                scheduler_timeout_call_next_callback
 .text.__vector_3
                0x00005b26       0xa0 build/default/production/mcc_generated_files/src/rtc.o
                0x00005b26                __vector_3
 .text.PIN_MANAGER_Initialize
                0x00005bc6      0x202 build/default/production/mcc_generated_files/src/pin_manager.o
                0x00005bc6                PIN_MANAGER_Initialize
 .text.CPUINT_init
                0x00005dc8        0x4 build/default/production/mcc_generated_files/src/cpuint.o
                0x00005dc8                CPUINT_init
 .text.SPI_0_init
                0x00005dcc        0xe build/default/production/mcc_generated_files/src/spi0.o
                0x00005dcc                SPI_0_init
 .text.SPI_0_enable
                0x00005dda        0xc build/default/production/mcc_generated_files/src/spi0.o
                0x00005dda                SPI_0_enable
 .text.SPI_0_exchange_byte
                0x00005de6       0x1c build/default/production/mcc_generated_files/src/spi0.o
                0x00005de6                SPI_0_exchange_byte
 .text.ADC_0_init
                0x00005e02       0x16 build/default/production/mcc_generated_files/src/adc0.o
                0x00005e02                ADC_0_init
 .text.ADC_0_is_conversion_done
                0x00005e18        0x8 build/default/production/mcc_generated_files/src/adc0.o
                0x00005e18                ADC_0_is_conversion_done
 .text.ADC_0_get_conversion
                0x00005e20       0x28 build/default/production/mcc_generated_files/src/adc0.o
                0x00005e20                ADC_0_get_conversion
 .text.__vector_22
                0x00005e48       0x5c build/default/production/mcc_generated_files/src/adc0.o
                0x00005e48                __vector_22
 .text.protected_write_io
                0x00005ea4        0x8 build/default/production/mcc_generated_files/src/protected_io.o
                0x00005ea4                protected_write_io
 .text.SLPCTRL_init
                0x00005eac        0x4 build/default/production/mcc_generated_files/src/slpctrl.o
                0x00005eac                SLPCTRL_init
 .text.BOD_init
                0x00005eb0       0x10 build/default/production/mcc_generated_files/src/bod.o
                0x00005eb0                BOD_init
 .text.__vector_2
                0x00005ec0       0x1e build/default/production/mcc_generated_files/src/bod.o
                0x00005ec0                __vector_2
 .text.CONF_WIFI_M2M_INT_PIN_set_isc
                0x00005ede        0xe build/default/production/mcc_generated_files/winc/bsp/source/nm_bsp_mega.o
 .text.__vector_29
                0x00005eec       0x5a build/default/production/mcc_generated_files/winc/bsp/source/nm_bsp_mega.o
                0x00005eec                __vector_29
 .text.nm_bsp_deinit
                0x00005f46        0x4 build/default/production/mcc_generated_files/winc/bsp/source/nm_bsp_mega.o
                0x00005f46                nm_bsp_deinit
 .text.nm_bsp_sleep
                0x00005f4a       0x22 build/default/production/mcc_generated_files/winc/bsp/source/nm_bsp_mega.o
                0x00005f4a                nm_bsp_sleep
 .text.nm_bsp_reset
                0x00005f6c       0x2c build/default/production/mcc_generated_files/winc/bsp/source/nm_bsp_mega.o
                0x00005f6c                nm_bsp_reset
 .text.nm_bsp_init
                0x00005f98       0x18 build/default/production/mcc_generated_files/winc/bsp/source/nm_bsp_mega.o
                0x00005f98                nm_bsp_init
 .text.nm_bsp_register_isr
                0x00005fb0       0x20 build/default/production/mcc_generated_files/winc/bsp/source/nm_bsp_mega.o
                0x00005fb0                nm_bsp_register_isr
 .text.nm_bsp_interrupt_ctrl
                0x00005fd0        0xe build/default/production/mcc_generated_files/winc/bsp/source/nm_bsp_mega.o
                0x00005fd0                nm_bsp_interrupt_ctrl
 .text.nm_bus_init
                0x00005fde       0x2a build/default/production/mcc_generated_files/winc/bus_wrapper/source/nm_bus_wrapper_mega.o
                0x00005fde                nm_bus_init
 .text.nm_bus_ioctl
                0x00006008       0xa4 build/default/production/mcc_generated_files/winc/bus_wrapper/source/nm_bus_wrapper_mega.o
                0x00006008                nm_bus_ioctl
 .text.nm_bus_deinit
                0x000060ac        0x4 build/default/production/mcc_generated_files/winc/bus_wrapper/source/nm_bus_wrapper_mega.o
                0x000060ac                nm_bus_deinit
 .text.m2m_memcpy
                0x000060b0       0x20 build/default/production/mcc_generated_files/winc/common/source/nm_common.o
                0x000060b0                m2m_memcpy
 .text.m2m_memset
                0x000060d0       0x1c build/default/production/mcc_generated_files/winc/common/source/nm_common.o
                0x000060d0                m2m_memset
 .text.m2m_strlen
                0x000060ec       0x12 build/default/production/mcc_generated_files/winc/common/source/nm_common.o
                0x000060ec                m2m_strlen
 .text.nmi_spi_write
                0x000060fe       0x32 build/default/production/mcc_generated_files/winc/driver/source/nmspi.o
 .text.nmi_spi_read
                0x00006130       0x32 build/default/production/mcc_generated_files/winc/driver/source/nmspi.o
 .text.spi_cmd_rsp
                0x00006162       0x7a build/default/production/mcc_generated_files/winc/driver/source/nmspi.o
 .text.spi_data_read
                0x000061dc       0xce build/default/production/mcc_generated_files/winc/driver/source/nmspi.o
 .text.spi_cmd  0x000062aa      0x12c build/default/production/mcc_generated_files/winc/driver/source/nmspi.o
 .text.spi_write_reg
                0x000063d6       0xfc build/default/production/mcc_generated_files/winc/driver/source/nmspi.o
 .text.spi_read_reg
                0x000064d2      0x12e build/default/production/mcc_generated_files/winc/driver/source/nmspi.o
 .text.nm_spi_reset
                0x00006600       0x40 build/default/production/mcc_generated_files/winc/driver/source/nmspi.o
                0x00006600                nm_spi_reset
 .text.nm_spi_deinit
                0x00006640        0x8 build/default/production/mcc_generated_files/winc/driver/source/nmspi.o
                0x00006640                nm_spi_deinit
 .text.nm_spi_read_reg
                0x00006648       0x2a build/default/production/mcc_generated_files/winc/driver/source/nmspi.o
                0x00006648                nm_spi_read_reg
 .text.nm_spi_read_reg_with_ret
                0x00006672       0x10 build/default/production/mcc_generated_files/winc/driver/source/nmspi.o
                0x00006672                nm_spi_read_reg_with_ret
 .text.nm_spi_write_reg
                0x00006682       0x10 build/default/production/mcc_generated_files/winc/driver/source/nmspi.o
                0x00006682                nm_spi_write_reg
 .text.nm_spi_init
                0x00006692       0xd2 build/default/production/mcc_generated_files/winc/driver/source/nmspi.o
                0x00006692                nm_spi_init
 .text.nm_spi_read_block
                0x00006764      0x11e build/default/production/mcc_generated_files/winc/driver/source/nmspi.o
                0x00006764                nm_spi_read_block
 .text.nm_spi_write_block
                0x00006882      0x1a2 build/default/production/mcc_generated_files/winc/driver/source/nmspi.o
                0x00006882                nm_spi_write_block
 .text.isr      0x00006a24        0xc build/default/production/mcc_generated_files/winc/driver/source/m2m_hif.o
 .text.m2m_hif_cb
                0x00006a30        0x2 build/default/production/mcc_generated_files/winc/driver/source/m2m_hif.o
 .text.hif_set_rx_done
                0x00006a32       0x5a build/default/production/mcc_generated_files/winc/driver/source/m2m_hif.o
 .text.hif_chip_wake
                0x00006a8c       0x32 build/default/production/mcc_generated_files/winc/driver/source/m2m_hif.o
                0x00006a8c                hif_chip_wake
 .text.hif_chip_sleep_sc
                0x00006abe       0x16 build/default/production/mcc_generated_files/winc/driver/source/m2m_hif.o
                0x00006abe                hif_chip_sleep_sc
 .text.hif_chip_sleep
                0x00006ad4       0x28 build/default/production/mcc_generated_files/winc/driver/source/m2m_hif.o
                0x00006ad4                hif_chip_sleep
 .text.hif_init
                0x00006afc       0x2a build/default/production/mcc_generated_files/winc/driver/source/m2m_hif.o
                0x00006afc                hif_init
 .text.hif_deinit
                0x00006b26       0x20 build/default/production/mcc_generated_files/winc/driver/source/m2m_hif.o
                0x00006b26                hif_deinit
 .text.hif_send
                0x00006b46      0x316 build/default/production/mcc_generated_files/winc/driver/source/m2m_hif.o
                0x00006b46                hif_send
 .text.hif_handle_isr
                0x00006e5c      0x238 build/default/production/mcc_generated_files/winc/driver/source/m2m_hif.o
                0x00006e5c                hif_handle_isr
 .text.hif_receive
                0x00007094      0x13a build/default/production/mcc_generated_files/winc/driver/source/m2m_hif.o
                0x00007094                hif_receive
 .text.hif_register_cb
                0x000071ce       0x60 build/default/production/mcc_generated_files/winc/driver/source/m2m_hif.o
                0x000071ce                hif_register_cb
 .text.chip_apply_conf
                0x0000722e       0x72 build/default/production/mcc_generated_files/winc/driver/source/nmasic.o
                0x0000722e                chip_apply_conf
 .text.enable_interrupts
                0x000072a0       0x94 build/default/production/mcc_generated_files/winc/driver/source/nmasic.o
                0x000072a0                enable_interrupts
 .text.nmi_get_chipid
                0x00007334      0x15a build/default/production/mcc_generated_files/winc/driver/source/nmasic.o
                0x00007334                nmi_get_chipid
 .text.chip_sleep
                0x0000748e       0xb4 build/default/production/mcc_generated_files/winc/driver/source/nmasic.o
                0x0000748e                chip_sleep
 .text.chip_wake
                0x00007542       0xfc build/default/production/mcc_generated_files/winc/driver/source/nmasic.o
                0x00007542                chip_wake
 .text.wait_for_bootrom
                0x0000763e      0x11a build/default/production/mcc_generated_files/winc/driver/source/nmasic.o
                0x0000763e                wait_for_bootrom
 .text.wait_for_firmware_start
                0x00007758       0xe6 build/default/production/mcc_generated_files/winc/driver/source/nmasic.o
                0x00007758                wait_for_firmware_start
 .text.chip_deinit
                0x0000783e       0x58 build/default/production/mcc_generated_files/winc/driver/source/nmasic.o
                0x0000783e                chip_deinit
 .text.nm_get_firmware_full_info
                0x00007896      0x13a build/default/production/mcc_generated_files/winc/driver/source/nmdrv.o
                0x00007896                nm_get_firmware_full_info
 .text.nm_drv_init
                0x000079d0       0x5c build/default/production/mcc_generated_files/winc/driver/source/nmdrv.o
                0x000079d0                nm_drv_init
 .text.nm_drv_deinit
                0x00007a2c       0x2c build/default/production/mcc_generated_files/winc/driver/source/nmdrv.o
                0x00007a2c                nm_drv_deinit
 .text.m2m_wifi_cb
                0x00007a58      0x314 build/default/production/mcc_generated_files/winc/driver/source/m2m_wifi.o
 .text.m2m_validate_ap_parameters
                0x00007d6c       0x8c build/default/production/mcc_generated_files/winc/driver/source/m2m_wifi.o
 .text.m2m_wifi_init
                0x00007df8       0x78 build/default/production/mcc_generated_files/winc/driver/source/m2m_wifi.o
                0x00007df8                m2m_wifi_init
 .text.m2m_wifi_handle_events
                0x00007e70        0x4 build/default/production/mcc_generated_files/winc/driver/source/m2m_wifi.o
                0x00007e70                m2m_wifi_handle_events
 .text.m2m_wifi_default_connect
                0x00007e74       0x36 build/default/production/mcc_generated_files/winc/driver/source/m2m_wifi.o
                0x00007e74                m2m_wifi_default_connect
 .text.m2m_wifi_connect_sc
                0x00007eaa      0x19a build/default/production/mcc_generated_files/winc/driver/source/m2m_wifi.o
                0x00007eaa                m2m_wifi_connect_sc
 .text.m2m_wifi_connect
                0x00008044       0x14 build/default/production/mcc_generated_files/winc/driver/source/m2m_wifi.o
                0x00008044                m2m_wifi_connect
 .text.m2m_wifi_disconnect
                0x00008058       0x36 build/default/production/mcc_generated_files/winc/driver/source/m2m_wifi.o
                0x00008058                m2m_wifi_disconnect
 .text.m2m_wifi_start_provision_mode
                0x0000808e       0xae build/default/production/mcc_generated_files/winc/driver/source/m2m_wifi.o
                0x0000808e                m2m_wifi_start_provision_mode
 .text.m2m_wifi_get_sytem_time
                0x0000813c       0x36 build/default/production/mcc_generated_files/winc/driver/source/m2m_wifi.o
                0x0000813c                m2m_wifi_get_sytem_time
 .text.nm_bus_iface_init
                0x00008172        0x4 build/default/production/mcc_generated_files/winc/driver/source/nmbus.o
                0x00008172                nm_bus_iface_init
 .text.nm_bus_iface_deinit
                0x00008176        0x4 build/default/production/mcc_generated_files/winc/driver/source/nmbus.o
                0x00008176                nm_bus_iface_deinit
 .text.nm_bus_reset
                0x0000817a        0x4 build/default/production/mcc_generated_files/winc/driver/source/nmbus.o
                0x0000817a                nm_bus_reset
 .text.nm_read_reg
                0x0000817e        0x4 build/default/production/mcc_generated_files/winc/driver/source/nmbus.o
                0x0000817e                nm_read_reg
 .text.nm_read_reg_with_ret
                0x00008182        0x4 build/default/production/mcc_generated_files/winc/driver/source/nmbus.o
                0x00008182                nm_read_reg_with_ret
 .text.nm_write_reg
                0x00008186        0x4 build/default/production/mcc_generated_files/winc/driver/source/nmbus.o
                0x00008186                nm_write_reg
 .text.nm_read_block
                0x0000818a       0xfa build/default/production/mcc_generated_files/winc/driver/source/nmbus.o
                0x0000818a                nm_read_block
 .text.nm_write_block
                0x00008284       0xfa build/default/production/mcc_generated_files/winc/driver/source/nmbus.o
                0x00008284                nm_write_block
 .text.Socket_ReadSocketData
                0x0000837e      0x15e build/default/production/mcc_generated_files/winc/socket/source/socket.o
                0x0000837e                Socket_ReadSocketData
 .text.m2m_ip_cb
                0x000084dc      0x462 build/default/production/mcc_generated_files/winc/socket/source/socket.o
 .text.socketInit
                0x0000893e       0x34 build/default/production/mcc_generated_files/winc/socket/source/socket.o
                0x0000893e                socketInit
 .text.socketDeinit
                0x00008972       0x32 build/default/production/mcc_generated_files/winc/socket/source/socket.o
                0x00008972                socketDeinit
 .text.registerSocketCallback
                0x000089a4       0x12 build/default/production/mcc_generated_files/winc/socket/source/socket.o
                0x000089a4                registerSocketCallback
 .text.socket   0x000089b6      0x14c build/default/production/mcc_generated_files/winc/socket/source/socket.o
                0x000089b6                socket
 .text.connect  0x00008b02       0xc6 build/default/production/mcc_generated_files/winc/socket/source/socket.o
                0x00008b02                connect
 .text.send     0x00008bc8       0xcc build/default/production/mcc_generated_files/winc/socket/source/socket.o
                0x00008bc8                send
 .text.recv     0x00008c94       0xde build/default/production/mcc_generated_files/winc/socket/source/socket.o
                0x00008c94                recv
 .text.close    0x00008d72       0xb8 build/default/production/mcc_generated_files/winc/socket/source/socket.o
                0x00008d72                close
 .text.gethostbyname
                0x00008e2a       0x4e build/default/production/mcc_generated_files/winc/socket/source/socket.o
                0x00008e2a                gethostbyname
 .text.spi_flash_enable
                0x00008e78      0x194 build/default/production/mcc_generated_files/winc/spi_flash/source/spi_flash.o
                0x00008e78                spi_flash_enable
 .text.SYSTEM_Initialize
                0x0000900c       0x30 build/default/production/mcc_generated_files/mcc.o
                0x0000900c                SYSTEM_Initialize
 .text.wifiConnectionStateChanged
                0x0000903c        0xa build/default/production/mcc_generated_files/application_manager.o
                0x0000903c                wifiConnectionStateChanged
 .text.MAIN_dataTask
                0x00009046       0x92 build/default/production/mcc_generated_files/application_manager.o
                0x00009046                MAIN_dataTask
 .text.application_init
                0x000090d8      0x11e build/default/production/mcc_generated_files/application_manager.o
                0x000090d8                application_init
 .text.application_post_provisioning
                0x000091f6       0x18 build/default/production/mcc_generated_files/application_manager.o
                0x000091f6                application_post_provisioning
 .text.runScheduler
                0x0000920e        0x4 build/default/production/mcc_generated_files/application_manager.o
                0x0000920e                runScheduler
 .text.virtualReadRegister
                0x00009212       0x44 build/default/production/mcc_generated_files/sensors_handling.o
                0x00009212                virtualReadRegister
 .text.virtualWriteRegister
                0x00009256       0x3a build/default/production/mcc_generated_files/sensors_handling.o
                0x00009256                virtualWriteRegister
 .text.selectDevice
                0x00009290        0x8 build/default/production/mcc_generated_files/sensors_handling.o
                0x00009290                selectDevice
 .text.getCalibratedValue
                0x00009298       0x56 build/default/production/mcc_generated_files/sensors_handling.o
                0x00009298                getCalibratedValue
 .text.enableBulb
                0x000092ee       0x14 build/default/production/mcc_generated_files/sensors_handling.o
                0x000092ee                enableBulb
 .text.disableBulb
                0x00009302       0x14 build/default/production/mcc_generated_files/sensors_handling.o
                0x00009302                disableBulb
 .text.setMeasurementMode
                0x00009316       0x28 build/default/production/mcc_generated_files/sensors_handling.o
                0x00009316                setMeasurementMode
 .text.dataAvailable
                0x0000933e        0xa build/default/production/mcc_generated_files/sensors_handling.o
                0x0000933e                dataAvailable
 .text.takeMeasurements
                0x00009348       0x10 build/default/production/mcc_generated_files/sensors_handling.o
                0x00009348                takeMeasurements
 .text.takeMeasurementsWithBulb
                0x00009358       0x28 build/default/production/mcc_generated_files/sensors_handling.o
                0x00009358                takeMeasurementsWithBulb
 .text.read_calib_values
                0x00009380      0x13a build/default/production/mcc_generated_files/sensors_handling.o
                0x00009380                read_calib_values
 .text.SENSORS_getLightValue
                0x000094ba        0x6 build/default/production/mcc_generated_files/sensors_handling.o
                0x000094ba                SENSORS_getLightValue
 .text.SENSORS_getTempValue
                0x000094c0       0x44 build/default/production/mcc_generated_files/sensors_handling.o
                0x000094c0                SENSORS_getTempValue
 .text.softAp_task
                0x00009504       0x10 build/default/production/mcc_generated_files/led.o
 .text.defaultCredentials_task
                0x00009514       0x10 build/default/production/mcc_generated_files/led.o
 .text.PORTD_set_pin_level
                0x00009524       0x32 build/default/production/mcc_generated_files/led.o
 .text.red_task
                0x00009556        0xa build/default/production/mcc_generated_files/led.o
 .text.yellow_task
                0x00009560        0xe build/default/production/mcc_generated_files/led.o
 .text.testSequence
                0x0000956e       0x76 build/default/production/mcc_generated_files/led.o
 .text.LED_test
                0x000095e4        0xc build/default/production/mcc_generated_files/led.o
                0x000095e4                LED_test
 .text.LED_flashYellow
                0x000095f0       0x1c build/default/production/mcc_generated_files/led.o
                0x000095f0                LED_flashYellow
 .text.LED_flashRed
                0x0000960c       0x12 build/default/production/mcc_generated_files/led.o
                0x0000960c                LED_flashRed
 .text.LED_blinkingBlue
                0x0000961e       0x1c build/default/production/mcc_generated_files/led.o
                0x0000961e                LED_blinkingBlue
 .text.LED_startBlinkingGreen
                0x0000963a       0x18 build/default/production/mcc_generated_files/led.o
                0x0000963a                LED_startBlinkingGreen
 .text.LED_stopBlinkingGreen
                0x00009652       0x16 build/default/production/mcc_generated_files/led.o
                0x00009652                LED_stopBlinkingGreen
 .text.LED_isBlinkingGreen
                0x00009668        0x6 build/default/production/mcc_generated_files/led.o
                0x00009668                LED_isBlinkingGreen
 .text.debug_setSeverity
                0x0000966e        0x6 build/default/production/mcc_generated_files/debug_print.o
                0x0000966e                debug_setSeverity
 .text.debug_setPrefix
                0x00009674        0xe build/default/production/mcc_generated_files/debug_print.o
                0x00009674                debug_setPrefix
 .text.debug_init
                0x00009682        0xa build/default/production/mcc_generated_files/debug_print.o
                0x00009682                debug_init
 .text.debug_printer
                0x0000968c       0x7a build/default/production/mcc_generated_files/debug_print.o
                0x0000968c                debug_printer
 .text.receivedFromCloud
                0x00009706       0x4e build/default/production/main.o
                0x00009706                receivedFromCloud
 .text.sendToCloud
                0x00009754      0x5a6 build/default/production/main.o
                0x00009754                sendToCloud
 .text.startup.main
                0x00009cfa        0xa build/default/production/main.o
                0x00009cfa                main
 .text.avr-libc.fplib
                0x00009d04        0xe c:/program files (x86)/atmel/studio/7.0/toolchain/avr8/avr8-gnu-toolchain/bin/../lib/gcc/avr/5.4.0/../../../../avr/lib/avrxmega3\libm.a(fixsfsi.o)
                0x00009d04                __fixsfsi
 .text.avr-libc.fplib
                0x00009d12       0x5e c:/program files (x86)/atmel/studio/7.0/toolchain/avr8/avr8-gnu-toolchain/bin/../lib/gcc/avr/5.4.0/../../../../avr/lib/avrxmega3\libm.a(fixunssfsi.o)
                0x00009d12                __fixunssfsi
 .text.avr-libc.fplib
                0x00009d70       0x44 c:/program files (x86)/atmel/studio/7.0/toolchain/avr8/avr8-gnu-toolchain/bin/../lib/gcc/avr/5.4.0/../../../../avr/lib/avrxmega3\libm.a(fp_split3.o)
                0x00009d70                __fp_split3
                0x00009d80                __fp_splitA
 .text.avr-libc.fplib
                0x00009db4        0xe c:/program files (x86)/atmel/studio/7.0/toolchain/avr8/avr8-gnu-toolchain/bin/../lib/gcc/avr/5.4.0/../../../../avr/lib/avrxmega3\libm.a(fp_zero.o)
                0x00009db4                __fp_zero
                0x00009db6                __fp_szero
 .text.libgcc.div
                0x00009dc2       0x28 c:/program files (x86)/atmel/studio/7.0/toolchain/avr8/avr8-gnu-toolchain/bin/../lib/gcc/avr/5.4.0/avrxmega3\libgcc.a(_udivmodhi4.o)
                0x00009dc2                __udivmodhi4
 .text.libgcc.div
                0x00009dea       0x28 c:/program files (x86)/atmel/studio/7.0/toolchain/avr8/avr8-gnu-toolchain/bin/../lib/gcc/avr/5.4.0/avrxmega3\libgcc.a(_divmodhi4.o)
                0x00009dea                _div
                0x00009dea                __divmodhi4
 .text.libgcc.div
                0x00009e12       0x44 c:/program files (x86)/atmel/studio/7.0/toolchain/avr8/avr8-gnu-toolchain/bin/../lib/gcc/avr/5.4.0/avrxmega3\libgcc.a(_udivmodsi4.o)
                0x00009e12                __udivmodsi4
 .text.libgcc.div
                0x00009e56       0x2e c:/program files (x86)/atmel/studio/7.0/toolchain/avr8/avr8-gnu-toolchain/bin/../lib/gcc/avr/5.4.0/avrxmega3\libgcc.a(_divmodsi4.o)
                0x00009e56                __divmodsi4
 .text.libgcc.div
                0x00009e84       0x10 c:/program files (x86)/atmel/studio/7.0/toolchain/avr8/avr8-gnu-toolchain/bin/../lib/gcc/avr/5.4.0/avrxmega3\libgcc.a(_negsi2.o)
                0x00009e84                __negsi2
 .text.libgcc   0x00009e94        0xc c:/program files (x86)/atmel/studio/7.0/toolchain/avr8/avr8-gnu-toolchain/bin/../lib/gcc/avr/5.4.0/avrxmega3\libgcc.a(_tablejump2.o)
                0x00009e94                __tablejump2__
 .text.libgcc.mul
                0x00009ea0       0x1e c:/program files (x86)/atmel/studio/7.0/toolchain/avr8/avr8-gnu-toolchain/bin/../lib/gcc/avr/5.4.0/avrxmega3\libgcc.a(_umulhisi3.o)
                0x00009ea0                __umulhisi3
 .text.libgcc.mul
                0x00009ebe        0xe c:/program files (x86)/atmel/studio/7.0/toolchain/avr8/avr8-gnu-toolchain/bin/../lib/gcc/avr/5.4.0/avrxmega3\libgcc.a(_usmulhisi3.o)
                0x00009ebe                __usmulhisi3
                0x00009ec2                __usmulhisi3_tail
 .text.libgcc.mul
                0x00009ecc       0x16 c:/program files (x86)/atmel/studio/7.0/toolchain/avr8/avr8-gnu-toolchain/bin/../lib/gcc/avr/5.4.0/avrxmega3\libgcc.a(_muluhisi3.o)
                0x00009ecc                __muluhisi3
 .text.avr-libc
                0x00009ee2       0x3c c:/program files (x86)/atmel/studio/7.0/toolchain/avr8/avr8-gnu-toolchain/bin/../lib/gcc/avr/5.4.0/../../../../avr/lib/avrxmega3\libc.a(atoi.o)
                0x00009ee2                atoi
 .text.avr-libc
                0x00009f1e        0xa c:/program files (x86)/atmel/studio/7.0/toolchain/avr8/avr8-gnu-toolchain/bin/../lib/gcc/avr/5.4.0/../../../../avr/lib/avrxmega3\libc.a(strtok.o)
                0x00009f1e                strtok
 .text.avr-libc
                0x00009f28       0x1a c:/program files (x86)/atmel/studio/7.0/toolchain/avr8/avr8-gnu-toolchain/bin/../lib/gcc/avr/5.4.0/../../../../avr/lib/avrxmega3\libc.a(memcmp.o)
                0x00009f28                memcmp
 .text.avr-libc
                0x00009f42       0x12 c:/program files (x86)/atmel/studio/7.0/toolchain/avr8/avr8-gnu-toolchain/bin/../lib/gcc/avr/5.4.0/../../../../avr/lib/avrxmega3\libc.a(memcpy.o)
                0x00009f42                memcpy
 .text.avr-libc
                0x00009f54       0x24 c:/program files (x86)/atmel/studio/7.0/toolchain/avr8/avr8-gnu-toolchain/bin/../lib/gcc/avr/5.4.0/../../../../avr/lib/avrxmega3\libc.a(memmove.o)
                0x00009f54                memmove
 .text.avr-libc
                0x00009f78        0xe c:/program files (x86)/atmel/studio/7.0/toolchain/avr8/avr8-gnu-toolchain/bin/../lib/gcc/avr/5.4.0/../../../../avr/lib/avrxmega3\libc.a(memset.o)
                0x00009f78                memset
 .text.avr-libc
                0x00009f86       0x16 c:/program files (x86)/atmel/studio/7.0/toolchain/avr8/avr8-gnu-toolchain/bin/../lib/gcc/avr/5.4.0/../../../../avr/lib/avrxmega3\libc.a(strchr.o)
                0x00009f86                strchr
 .text.avr-libc
                0x00009f9c       0x12 c:/program files (x86)/atmel/studio/7.0/toolchain/avr8/avr8-gnu-toolchain/bin/../lib/gcc/avr/5.4.0/../../../../avr/lib/avrxmega3\libc.a(strcmp.o)
                0x00009f9c                strcmp
 .text.avr-libc
                0x00009fae        0xe c:/program files (x86)/atmel/studio/7.0/toolchain/avr8/avr8-gnu-toolchain/bin/../lib/gcc/avr/5.4.0/../../../../avr/lib/avrxmega3\libc.a(strcpy.o)
                0x00009fae                strcpy
 .text.avr-libc
                0x00009fbc       0x1e c:/program files (x86)/atmel/studio/7.0/toolchain/avr8/avr8-gnu-toolchain/bin/../lib/gcc/avr/5.4.0/../../../../avr/lib/avrxmega3\libc.a(strncpy.o)
                0x00009fbc                strncpy
 .text.avr-libc
                0x00009fda       0x4e c:/program files (x86)/atmel/studio/7.0/toolchain/avr8/avr8-gnu-toolchain/bin/../lib/gcc/avr/5.4.0/../../../../avr/lib/avrxmega3\libc.a(strtok_r.o)
                0x00009fda                strtok_r
 .text.avr-libc
                0x0000a028       0x10 c:/program files (x86)/atmel/studio/7.0/toolchain/avr8/avr8-gnu-toolchain/bin/../lib/gcc/avr/5.4.0/../../../../avr/lib/avrxmega3\libc.a(mul10.o)
                0x0000a028                __mulhi_const_10
 .text.avr-libc
                0x0000a038       0x2c c:/program files (x86)/atmel/studio/7.0/toolchain/avr8/avr8-gnu-toolchain/bin/../lib/gcc/avr/5.4.0/../../../../avr/lib/avrxmega3\libc.a(printf.o)
                0x0000a038                printf
 .text.avr-libc
                0x0000a064       0x60 c:/program files (x86)/atmel/studio/7.0/toolchain/avr8/avr8-gnu-toolchain/bin/../lib/gcc/avr/5.4.0/../../../../avr/lib/avrxmega3\libc.a(puts.o)
                0x0000a064                puts
 .text.avr-libc
                0x0000a0c4       0x60 c:/program files (x86)/atmel/studio/7.0/toolchain/avr8/avr8-gnu-toolchain/bin/../lib/gcc/avr/5.4.0/../../../../avr/lib/avrxmega3\libc.a(snprintf.o)
                0x0000a0c4                snprintf
 .text.avr-libc
                0x0000a124       0x44 c:/program files (x86)/atmel/studio/7.0/toolchain/avr8/avr8-gnu-toolchain/bin/../lib/gcc/avr/5.4.0/../../../../avr/lib/avrxmega3\libc.a(sprintf.o)
                0x0000a124                sprintf
 .text.avr-libc
                0x0000a168       0x12 c:/program files (x86)/atmel/studio/7.0/toolchain/avr8/avr8-gnu-toolchain/bin/../lib/gcc/avr/5.4.0/../../../../avr/lib/avrxmega3\libc.a(vprintf.o)
                0x0000a168                vprintf
 .text.avr-libc
                0x0000a17a      0x3c2 c:/program files (x86)/atmel/studio/7.0/toolchain/avr8/avr8-gnu-toolchain/bin/../lib/gcc/avr/5.4.0/../../../../avr/lib/avrxmega3\libc.a(vfprintf_std.o)
                0x0000a17a                vfprintf
 .text.avr-libc
                0x0000a53c       0x16 c:/program files (x86)/atmel/studio/7.0/toolchain/avr8/avr8-gnu-toolchain/bin/../lib/gcc/avr/5.4.0/../../../../avr/lib/avrxmega3\libc.a(strnlen_P.o)
                0x0000a53c                strnlen_P
 .text.avr-libc
                0x0000a552       0x16 c:/program files (x86)/atmel/studio/7.0/toolchain/avr8/avr8-gnu-toolchain/bin/../lib/gcc/avr/5.4.0/../../../../avr/lib/avrxmega3\libc.a(strnlen.o)
                0x0000a552                strnlen
 .text.avr-libc
                0x0000a568       0x78 c:/program files (x86)/atmel/studio/7.0/toolchain/avr8/avr8-gnu-toolchain/bin/../lib/gcc/avr/5.4.0/../../../../avr/lib/avrxmega3\libc.a(fputc.o)
                0x0000a568                fputc
 .text.avr-libc
                0x0000a5e0       0xbc c:/program files (x86)/atmel/studio/7.0/toolchain/avr8/avr8-gnu-toolchain/bin/../lib/gcc/avr/5.4.0/../../../../avr/lib/avrxmega3\libc.a(ultoa_invert.o)
                0x0000a5e0                __ultoa_invert
 .text.libgcc.mul
                0x0000a69c       0x20 c:/program files (x86)/atmel/studio/7.0/toolchain/avr8/avr8-gnu-toolchain/bin/../lib/gcc/avr/5.4.0/avrxmega3\libgcc.a(_mulsi3.o)
                0x0000a69c                __mulsi3
 .text.libgcc.prologue
                0x0000a6bc       0x32 c:/program files (x86)/atmel/studio/7.0/toolchain/avr8/avr8-gnu-toolchain/bin/../lib/gcc/avr/5.4.0/avrxmega3\libgcc.a(_prologue.o)
                0x0000a6bc                __prologue_saves__
 .text.libgcc.prologue
                0x0000a6ee       0x30 c:/program files (x86)/atmel/studio/7.0/toolchain/avr8/avr8-gnu-toolchain/bin/../lib/gcc/avr/5.4.0/avrxmega3\libgcc.a(_epilogue.o)
                0x0000a6ee                __epilogue_restores__
                0x0000a71e                . = ALIGN (0x2)
 *(.fini9)
 .fini9         0x0000a71e        0x0 c:/program files (x86)/atmel/studio/7.0/toolchain/avr8/avr8-gnu-toolchain/bin/../lib/gcc/avr/5.4.0/avrxmega3\libgcc.a(_exit.o)
                0x0000a71e                _exit
                0x0000a71e                exit
 *(.fini9)
 *(.fini8)
 *(.fini8)
 *(.fini7)
 *(.fini7)
 *(.fini6)
 *(.fini6)
 *(.fini5)
 *(.fini5)
 *(.fini4)
 *(.fini4)
 *(.fini3)
 *(.fini3)
 *(.fini2)
 *(.fini2)
 *(.fini1)
 *(.fini1)
 *(.fini0)
 .fini0         0x0000a71e        0x4 c:/program files (x86)/atmel/studio/7.0/toolchain/avr8/avr8-gnu-toolchain/bin/../lib/gcc/avr/5.4.0/avrxmega3\libgcc.a(_exit.o)
 *(.fini0)
                0x0000a722                _etext = .

.rodata         0x0000e722      0xdc9 load address 0x0000a722
 *(.rodata)
 .rodata        0x0000e722        0x2 build/default/production/mcc_generated_files/cli/cli.o
 .rodata        0x0000e724       0x3c build/default/production/mcc_generated_files/cloud/wifi_service.o
 .rodata        0x0000e760        0x4 build/default/production/mcc_generated_files/cryptoauthlib/lib/hal/hal_i2c.o
 *(.rodata*)
 .rodata.str1.1
                0x0000e764      0x1ec build/default/production/mcc_generated_files/cli/cli.o
                                0x1fc (size before relaxing)
 .rodata.commands
                0x0000e950       0x20 build/default/production/mcc_generated_files/cli/cli.o
                0x0000e950                commands
 .rodata.str1.1
                0x0000e970       0x4d build/default/production/mcc_generated_files/cloud/crypto_client/crypto_client.o
 .rodata.public_key_x509_header
                0x0000e9bd       0x1b build/default/production/mcc_generated_files/cloud/crypto_client/crypto_client.o
                0x0000e9bd                public_key_x509_header
 .rodata.str1.1
                0x0000e9d8       0x14 build/default/production/mcc_generated_files/cloud/wifi_service.o
                                 0x17 (size before relaxing)
 .rodata.str1.1
                0x0000e9ec       0x5c build/default/production/mcc_generated_files/cloud/cloud_service.o
 .rodata.registryId
                0x0000ea48        0x8 build/default/production/mcc_generated_files/cloud/cloud_service.o
                0x0000ea48                registryId
 .rodata.projectRegion
                0x0000ea50        0xc build/default/production/mcc_generated_files/cloud/cloud_service.o
                0x0000ea50                projectRegion
 .rodata.projectId
                0x0000ea5c        0xf build/default/production/mcc_generated_files/cloud/cloud_service.o
                0x0000ea5c                projectId
 .rodata.str1.1
                0x0000ea6b      0x161 build/default/production/mcc_generated_files/cryptoauthlib/lib/basic/atca_helpers.o
                                0x16b (size before relaxing)
 .rodata.k.1757
                0x0000ebcc      0x100 build/default/production/mcc_generated_files/cryptoauthlib/lib/crypto/hashes/sha2_routines.o
 .rodata.hash_init.1789
                0x0000eccc       0x20 build/default/production/mcc_generated_files/cryptoauthlib/lib/crypto/hashes/sha2_routines.o
 .rodata.str1.1
                0x0000ecec       0x13 build/default/production/mcc_generated_files/cryptoauthlib/lib/jwt/atca_jwt.o
 .rodata.g_jwt_header
                0x0000ecff       0x1c build/default/production/mcc_generated_files/cryptoauthlib/lib/jwt/atca_jwt.o
 .rodata.str1.1